Archive member included to satisfy reference by file (symbol)

libopencm3/lib\libopencm3_stm32f1.a(adc.o)
                              obj/anain.o (adc_power_on)
libopencm3/lib\libopencm3_stm32f1.a(adc_common_v1.o)
                              obj/anain.o (adc_power_off)
libopencm3/lib\libopencm3_stm32f1.a(can.o)
                              obj/stm32_can.o (can_reset)
libopencm3/lib\libopencm3_stm32f1.a(crc_common_all.o)
                              obj/hwinit.o (crc_reset)
libopencm3/lib\libopencm3_stm32f1.a(desig_common_v1.o)
                              obj/hwinit.o (desig_get_flash_size)
libopencm3/lib\libopencm3_stm32f1.a(dma_common_l1f013.o)
                              obj/terminal.o (dma_channel_reset)
libopencm3/lib\libopencm3_stm32f1.a(flash.o)
                              obj/hwinit.o (flash_erase_page)
libopencm3/lib\libopencm3_stm32f1.a(flash_common_all.o)
                              obj/canmap.o (flash_set_ws)
libopencm3/lib\libopencm3_stm32f1.a(flash_common_f.o)
                              obj/hwinit.o (flash_unlock)
libopencm3/lib\libopencm3_stm32f1.a(flash_common_f01.o)
                              libopencm3/lib\libopencm3_stm32f1.a(flash.o) (flash_clear_pgerr_flag)
libopencm3/lib\libopencm3_stm32f1.a(gpio.o)
                              obj/terminal.o (gpio_set_mode)
libopencm3/lib\libopencm3_stm32f1.a(gpio_common_all.o)
                              obj/main.o (gpio_set)
libopencm3/lib\libopencm3_stm32f1.a(iwdg_common_all.o)
                              obj/main.o (iwdg_reset)
libopencm3/lib\libopencm3_stm32f1.a(rcc.o)
                              obj/hwinit.o (rcc_clock_setup_in_hse_8mhz_out_72mhz)
libopencm3/lib\libopencm3_stm32f1.a(rcc_common_all.o)
                              obj/hwinit.o (rcc_periph_clock_enable)
libopencm3/lib\libopencm3_stm32f1.a(rtc.o)
                              obj/main.o (rtc_get_counter_val)
libopencm3/lib\libopencm3_stm32f1.a(timer_common_all.o)
                              obj/stm32scheduler.o (timer_enable_irq)
libopencm3/lib\libopencm3_stm32f1.a(usart_common_all.o)
                              obj/terminal.o (usart_set_baudrate)
libopencm3/lib\libopencm3_stm32f1.a(usart_common_f124.o)
                              libopencm3/lib\libopencm3_stm32f1.a(usart_common_all.o) (usart_send)
libopencm3/lib\libopencm3_stm32f1.a(vector.o)
                              (reset_handler)
libopencm3/lib\libopencm3_stm32f1.a(scb.o)
                              obj/sdocommands.o (scb_reset_system)
libopencm3/lib\libopencm3_stm32f1.a(nvic.o)
                              obj/hwinit.o (nvic_enable_irq)
libopencm3/lib\libopencm3_stm32f1.a(assert.o)
                              libopencm3/lib\libopencm3_stm32f1.a(rcc.o) (cm3_assert_failed)
libopencm3/lib\libopencm3_stm32f1.a(pwr_common_v1.o)
                              libopencm3/lib\libopencm3_stm32f1.a(rtc.o) (pwr_disable_backup_domain_write_protect)
C:/Program Files (x86)/arm-gnu-toolchain/bin/../lib/gcc/arm-none-eabi/15.2.1/thumb/v7/nofp\libgcc.a(_arm_muldf3.o)
                              obj/PCSCan.o (__aeabi_dmul)
C:/Program Files (x86)/arm-gnu-toolchain/bin/../lib/gcc/arm-none-eabi/15.2.1/thumb/v7/nofp\libgcc.a(_arm_mulsf3.o)
                              obj/params.o (__aeabi_fmul)
C:/Program Files (x86)/arm-gnu-toolchain/bin/../lib/gcc/arm-none-eabi/15.2.1/thumb/v7/nofp\libgcc.a(_arm_addsubdf3.o)
                              obj/PCSCan.o (__aeabi_dadd)
C:/Program Files (x86)/arm-gnu-toolchain/bin/../lib/gcc/arm-none-eabi/15.2.1/thumb/v7/nofp\libgcc.a(_arm_fixdfsi.o)
                              obj/PCSCan.o (__aeabi_d2iz)
C:/Program Files (x86)/arm-gnu-toolchain/bin/../lib/gcc/arm-none-eabi/15.2.1/thumb/v7/nofp\libgcc.a(_arm_fixunsdfsi.o)
                              obj/PCSCan.o (__aeabi_d2uiz)
C:/Program Files (x86)/arm-gnu-toolchain/bin/../lib/gcc/arm-none-eabi/15.2.1/thumb/v7/nofp\libgcc.a(_arm_truncdfsf2.o)
                              obj/PCSCan.o (__aeabi_d2f)
C:/Program Files (x86)/arm-gnu-toolchain/bin/../lib/gcc/arm-none-eabi/15.2.1/thumb/v7/nofp\libgcc.a(_arm_addsubsf3.o)
                              obj/picontroller.o (__aeabi_fsub)
C:/Program Files (x86)/arm-gnu-toolchain/bin/../lib/gcc/arm-none-eabi/15.2.1/thumb/v7/nofp\libgcc.a(_arm_muldivsf3.o)
                              obj/main.o (__aeabi_fdiv)
C:/Program Files (x86)/arm-gnu-toolchain/bin/../lib/gcc/arm-none-eabi/15.2.1/thumb/v7/nofp\libgcc.a(_arm_cmpsf2.o)
                              obj/picontroller.o (__aeabi_fcmpeq)
C:/Program Files (x86)/arm-gnu-toolchain/bin/../lib/gcc/arm-none-eabi/15.2.1/thumb/v7/nofp\libgcc.a(_arm_fixsfsi.o)
                              obj/params.o (__aeabi_f2iz)
C:/Program Files (x86)/arm-gnu-toolchain/bin/../lib/gcc/arm-none-eabi/15.2.1/thumb/v7/nofp\libgcc.a(_arm_fixunssfsi.o)
                              obj/PCSCan.o (__aeabi_f2uiz)
C:/Program Files (x86)/arm-gnu-toolchain/bin/../lib/gcc/arm-none-eabi/15.2.1/../../../../arm-none-eabi/lib/thumb/v7/nofp\libc.a(libc_a-memset.o)
[...]
Memory Configuration

Name             Origin             Length             Attributes
rom              0x08001000         0x0001e000         xr
ram              0x20000000         0x00005000         xrw
*default*        0x00000000         0xffffffff

Linker script and memory map

LOAD obj/main.o
LOAD obj/hwinit.o
LOAD obj/stm32scheduler.o
LOAD obj/params.o
LOAD obj/terminal.o
LOAD obj/terminal_prj.o
LOAD obj/my_string.o
LOAD obj/digio.o
LOAD obj/sine_core.o
LOAD obj/my_fp.o
LOAD obj/printf.o
LOAD obj/anain.o
LOAD obj/param_save.o
LOAD obj/errormessage.o
LOAD obj/stm32_can.o
LOAD obj/canhardware.o
LOAD obj/canmap.o
LOAD obj/cansdo.o
LOAD obj/sdocommands.o
LOAD obj/picontroller.o
LOAD obj/terminalcommands.o
LOAD obj/PCSCan.o
LOAD libopencm3/lib\libopencm3_stm32f1.a
START GROUP
LOAD C:/Program Files (x86)/arm-gnu-toolchain/bin/../lib/gcc/arm-none-eabi/15.2.1/thumb/v7/nofp\libgcc.a
LOAD C:/Program Files (x86)/arm-gnu-toolchain/bin/../lib/gcc/arm-none-eabi/15.2.1/../../../../arm-none-eabi/lib/thumb/v7/nofp\libc.a
END GROUP

.text           0x08001000     0x7164
 *(.vectors)
 .vectors       0x08001000      0x150 libopencm3/lib\libopencm3_stm32f1.a(vector.o)
                0x08001000                vector_table
 *(.text*)
 .text._ZN23FunctionPointerCallback8HandleRxEmPmh
                0x08001150       0x12 obj/main.o
                0x08001150                FunctionPointerCallback::HandleRx(unsigned long, unsigned long*, unsigned char)
 .text._ZN23FunctionPointerCallback11HandleClearEv
                0x08001162        0x4 obj/main.o
                0x08001162                FunctionPointerCallback::HandleClear()
 *fill*         0x08001166        0x2 
 .text._ZL11CanCallbackmPmh
                0x08001168       0x54 obj/main.o
 .text._ZL8Ms50Taskv
                0x080011bc       0x10 obj/main.o
 .text._ZL13SetCanFiltersv
                0x080011cc       0x84 obj/main.o
 .text._ZN5DigIo3SetEv
                0x08001250        0x8 obj/main.o
                0x08001250                DigIo::Set()
 .text._ZN5DigIo5ClearEv
                0x08001258        0x8 obj/main.o
                0x08001258                DigIo::Clear()
 .text._ZL9Ms100Taskv
                0x08001260      0x150 obj/main.o
 .text.__cxa_pure_virtual
                0x080013b0        0x2 obj/main.o
                0x080013b0                __cxa_pure_virtual
 .text._Z9handle109Pm
                0x080013b2       0x54 obj/main.o
                0x080013b2                handle109(unsigned long*)
 *fill*         0x08001406        0x2 
 .text._Z10ChgPwrRampv
                0x08001408       0x48 obj/main.o
                0x08001408                ChgPwrRamp()
 .text._ZL7Ms1Taskv
                0x08001450      0x168 obj/main.o
 .text._ZN5Param6ChangeENS_9PARAM_NUME
                0x080015b8       0x40 obj/main.o
                0x080015b8                Param::Change(Param::PARAM_NUM)
 .text.tim2_isr
                0x080015f8        0xc obj/main.o
                0x080015f8                tim2_isr
 .text.startup.main
                0x08001604      0x234 obj/main.o
                0x08001604                main
 .text.clock_setup
                0x08001838       0x80 obj/hwinit.o
                0x08001838                clock_setup
 .text.write_bootloader_pininit
                0x080018b8       0x84 obj/hwinit.o
                0x080018b8                write_bootloader_pininit
 .text.nvic_setup
                0x0800193c       0x14 obj/hwinit.o
                0x0800193c                nvic_setup
 .text.rtc_setup
                0x08001950       0x16 obj/hwinit.o
                0x08001950                rtc_setup
 *fill*         0x08001966        0x2 
 .text.tim_setup
                0x08001968       0x90 obj/hwinit.o
                0x08001968                tim_setup
 .text._ZN14Stm32SchedulerC2Em
                0x080019f8       0x44 obj/stm32scheduler.o
                0x080019f8                Stm32Scheduler::Stm32Scheduler(unsigned long)
                0x080019f8                Stm32Scheduler::Stm32Scheduler(unsigned long)
 .text._ZN14Stm32Scheduler7AddTaskEPFvvEt
                0x08001a3c       0x68 obj/stm32scheduler.o
                0x08001a3c                Stm32Scheduler::AddTask(void (*)(), unsigned short)
 .text._ZN14Stm32Scheduler3RunEv
                0x08001aa4       0x6e obj/stm32scheduler.o
                0x08001aa4                Stm32Scheduler::Run()
 .text._ZN14Stm32Scheduler10GetCpuLoadEv
                0x08001b12       0x28 obj/stm32scheduler.o
                0x08001b12                Stm32Scheduler::GetCpuLoad()
 *fill*         0x08001b3a        0x2 
 .text._ZN5Param3SetENS_9PARAM_NUMEl
                0x08001b3c       0x30 obj/params.o
                0x08001b3c                Param::Set(Param::PARAM_NUM, long)
 .text._ZN5Param3GetENS_9PARAM_NUME
                0x08001b6c        0xc obj/params.o
                0x08001b6c                Param::Get(Param::PARAM_NUM)
 .text._ZN5Param6GetIntENS_9PARAM_NUME
                0x08001b78       0x10 obj/params.o
                0x08001b78                Param::GetInt(Param::PARAM_NUM)
 .text._ZN5Param8GetFloatENS_9PARAM_NUME
                0x08001b88       0x1c obj/params.o
                0x08001b88                Param::GetFloat(Param::PARAM_NUM)
 .text._ZN5Param7GetBoolENS_9PARAM_NUME
                0x08001ba4       0x14 obj/params.o
                0x08001ba4                Param::GetBool(Param::PARAM_NUM)
 .text._ZN5Param6SetIntENS_9PARAM_NUMEi
                0x08001bb8       0x10 obj/params.o
                0x08001bb8                Param::SetInt(Param::PARAM_NUM, int)
 .text._ZN5Param8SetFixedENS_9PARAM_NUMEl
                0x08001bc8        0xc obj/params.o
                0x08001bc8                Param::SetFixed(Param::PARAM_NUM, long)
 .text._ZN5Param8SetFloatENS_9PARAM_NUMEf
                0x08001bd4       0x20 obj/params.o
                0x08001bd4                Param::SetFloat(Param::PARAM_NUM, float)
 .text._ZN5Param13NumFromStringEPKc
                0x08001bf4       0x28 obj/params.o
                0x08001bf4                Param::NumFromString(char const*)
 .text._ZN5Param9NumFromIdEm
                0x08001c1c       0x20 obj/params.o
                0x08001c1c                Param::NumFromId(unsigned long)
 .text._ZN5Param9GetAttribENS_9PARAM_NUME
                0x08001c3c       0x10 obj/params.o
                0x08001c3c                Param::GetAttrib(Param::PARAM_NUM)
 .text._ZN5Param12LoadDefaultsEv
                0x08001c4c       0x24 obj/params.o
                0x08001c4c                Param::LoadDefaults()
 .text._ZN5Param11SetFlagsRawENS_9PARAM_NUMEh
                0x08001c70        0xc obj/params.o
                0x08001c70                Param::SetFlagsRaw(Param::PARAM_NUM, unsigned char)
 .text._ZN5Param7SetFlagENS_9PARAM_NUMENS_10PARAM_FLAGE
                0x08001c7c       0x10 obj/params.o
                0x08001c7c                Param::SetFlag(Param::PARAM_NUM, Param::PARAM_FLAG)
 .text._ZN5Param9ClearFlagENS_9PARAM_NUMENS_10PARAM_FLAGE
                0x08001c8c       0x10 obj/params.o
                0x08001c8c                Param::ClearFlag(Param::PARAM_NUM, Param::PARAM_FLAG)
 .text._ZN5Param7GetFlagENS_9PARAM_NUME
                0x08001c9c        0xc obj/params.o
                0x08001c9c                Param::GetFlag(Param::PARAM_NUM)
 .text._ZN5Param7GetTypeENS_9PARAM_NUME
                0x08001ca8       0x10 obj/params.o
                0x08001ca8                Param::GetType(Param::PARAM_NUM)
 .text._ZN5Param8GetIdSumEv
                0x08001cb8        0x6 obj/params.o
                0x08001cb8                Param::GetIdSum()
 *fill*         0x08001cbe        0x2 
 .text.startup._GLOBAL__sub_I__ZN5Param3SetENS_9PARAM_NUMEl
                0x08001cc0       0x14 obj/params.o
 .text._ZN8Terminal10KeyPressedEv
                0x08001cd4        0x8 obj/terminal.o
                0x08001cd4                Terminal::KeyPressed()
 .text._ZN8Terminal10FlushInputEv
                0x08001cdc        0x6 obj/terminal.o
                0x08001cdc                Terminal::FlushInput()
 .text._ZN8Terminal8ResetDMAEv
                0x08001ce2       0x36 obj/terminal.o
                0x08001ce2                Terminal::ResetDMA()
 .text._ZN8TerminalC2EmPK8TERM_CMDbbb
                0x08001d18      0x148 obj/terminal.o
                0x08001d18                Terminal::Terminal(unsigned long, TERM_CMD const*, bool, bool, bool)
                0x08001d18                Terminal::Terminal(unsigned long, TERM_CMD const*, bool, bool, bool)
 .text._ZN8Terminal9CmdLookupEPc
                0x08001e60       0x24 obj/terminal.o
                0x08001e60                Terminal::CmdLookup(char*)
 .text._ZN8Terminal17SendCurrentBufferEm
                0x08001e84       0x72 obj/terminal.o
                0x08001e84                Terminal::SendCurrentBuffer(unsigned long)
 .text._ZN8Terminal7PutCharEc
                0x08001ef6       0x40 obj/terminal.o
                0x08001ef6                Terminal::PutChar(char)
 .text._ZN8Terminal10SendBinaryEPKhm
                0x08001f36       0x2a obj/terminal.o
                0x08001f36                Terminal::SendBinary(unsigned char const*, unsigned long)
 .text._ZN8Terminal4SendEPKc
                0x08001f60       0x1a obj/terminal.o
                0x08001f60                Terminal::Send(char const*)
 *fill*         0x08001f7a        0x2 
 .text._ZN8Terminal10EnableUartEPc
                0x08001f7c       0x5c obj/terminal.o
                0x08001f7c                Terminal::EnableUart(char*)
 .text._ZN8Terminal8FastUartEPc
                0x08001fd8       0x78 obj/terminal.o
                0x08001fd8                Terminal::FastUart(char*)
 .text._ZN8Terminal4EchoEPc
                0x08002050       0x38 obj/terminal.o
                0x08002050                Terminal::Echo(char*)
 .text._ZN8Terminal3RunEv
                0x08002088      0x19c obj/terminal.o
                0x08002088                Terminal::Run()
 .text.putchar  0x08002224       0x14 obj/terminal.o
                0x08002224                putchar
 .text._ZL4HelpP8TerminalPc
                0x08002238        0x2 obj/terminal_prj.o
 .text._ZL11PrintErrorsP8TerminalPc
                0x0800223a        0x4 obj/terminal_prj.o
 *fill*         0x0800223e        0x2 
 .text._ZL11PrintSerialP8TerminalPc
                0x08002240       0x24 obj/terminal_prj.o
 .text._ZL12LoadDefaultsP8TerminalPc
                0x08002264       0x18 obj/terminal_prj.o
 .text._ZN16TerminalCommands15PrintParamsJsonEP8TerminalPc
                0x0800227c        0x4 obj/terminal_prj.o
                0x0800227c                TerminalCommands::PrintParamsJson(Terminal*, char*)
 .text.my_strcmp
                0x08002280       0x1c obj/my_string.o
                0x08002280                my_strcmp
 .text.my_strcpy
                0x0800229c       0x12 obj/my_string.o
                0x0800229c                my_strcpy
 .text.my_strlen
                0x080022ae        0xe obj/my_string.o
                0x080022ae                my_strlen
 .text.my_strchr
                0x080022bc       0x12 obj/my_string.o
                0x080022bc                my_strchr
 .text.my_ltoa  0x080022ce       0x54 obj/my_string.o
                0x080022ce                my_ltoa
 .text.my_atoi  0x08002322       0x30 obj/my_string.o
                0x08002322                my_atoi
 *fill*         0x08002352        0x2 
 .text.my_trim  0x08002354       0x58 obj/my_string.o
                0x08002354                my_trim
 .text.memcpy32
                0x080023ac       0x16 obj/my_string.o
                0x080023ac                memcpy32
 .text.memset32
                0x080023c2        0xc obj/my_string.o
                0x080023c2                memset32
 .text._ZN5DigIo9ConfigureEmtN7PinMode7PinModeE
                0x080023ce       0x6c obj/digio.o
                0x080023ce                DigIo::Configure(unsigned long, unsigned short, PinMode::PinMode)
 *fill*         0x0800243a        0x2 
 .text.startup._GLOBAL__sub_I__ZN8SineCore8minPulseE
                0x0800243c       0x10 obj/sine_core.o
 .text.fp_itoa  0x0800244c       0x5a obj/my_fp.o
                0x0800244c                fp_itoa
 .text.fp_atoi  0x080024a6       0x5c obj/my_fp.o
                0x080024a6                fp_atoi
 .text._ZL6printsP8IPutCharPKcii
                0x08002502       0x9a obj/printf.o
 .text._ZL6printiP8IPutChariiiiii
                0x0800259c       0xa2 obj/printf.o
 .text._ZN13ExternPutChar7PutCharEc
                0x0800263e        0x6 obj/printf.o
                0x0800263e                ExternPutChar::PutChar(char)
 .text._ZL5printP8IPutCharPKcSt9__va_list
                0x08002644      0x110 obj/printf.o
 .text._Z6printfPKcz
                0x08002754       0x24 obj/printf.o
                0x08002754                printf(char const*, ...)
 .text._Z7fprintfP8IPutCharPKcz
                0x08002778       0x1a obj/printf.o
                0x08002778                fprintf(IPutChar*, char const*, ...)
 *fill*         0x08002792        0x2 
 .text._ZN5AnaIn5StartEv
                0x08002794       0xbc obj/anain.o
                0x08002794                AnaIn::Start()
 .text._ZN5AnaIn7median3Eiii
                0x08002850       0x1c obj/anain.o
                0x08002850                AnaIn::median3(int, int, int)
 .text._ZN5AnaIn3GetEv
                0x0800286c       0x44 obj/anain.o
                0x0800286c                AnaIn::Get()
 .text._ZN5AnaIn13AdcChFromPortEmi
                0x080028b0       0x3c obj/anain.o
                0x080028b0                AnaIn::AdcChFromPort(unsigned long, int)
 .text._ZN5AnaIn9ConfigureEmh
                0x080028ec       0x38 obj/anain.o
                0x080028ec                AnaIn::Configure(unsigned long, unsigned char)
 .text.startup._GLOBAL__sub_I__ZN5AnaIn13channel_arrayE
                0x08002924       0x1c obj/anain.o
 .text.parm_save
                0x08002940       0xc0 obj/param_save.o
                0x08002940                parm_save
 .text.parm_load
                0x08002a00       0x5a obj/param_save.o
                0x08002a00                parm_load
 *fill*         0x08002a5a        0x2 
 .text._ZN12ErrorMessage7SetTimeEm
                0x08002a5c        0xc obj/errormessage.o
                0x08002a5c                ErrorMessage::SetTime(unsigned long)
 .text._ZN12ErrorMessage11GetErrorNumEh
                0x08002a68       0x1c obj/errormessage.o
                0x08002a68                ErrorMessage::GetErrorNum(unsigned char)
 .text._ZN12ErrorMessage12GetErrorTimeEh
                0x08002a84       0x14 obj/errormessage.o
                0x08002a84                ErrorMessage::GetErrorTime(unsigned char)
 .text._ZN12ErrorMessage10PrintErrorEm17ERROR_MESSAGE_NUM
                0x08002a98       0x2c obj/errormessage.o
                0x08002a98                ErrorMessage::PrintError(unsigned long, ERROR_MESSAGE_NUM)
 .text._ZN12ErrorMessage14PrintAllErrorsEv
                0x08002ac4       0x30 obj/errormessage.o
                0x08002ac4                ErrorMessage::PrintAllErrors()
 .text._ZN8Stm32Can11SetBaudrateEN11CanHardware9baudratesE
                0x08002af4       0x3c obj/stm32_can.o
                0x08002af4                Stm32Can::SetBaudrate(CanHardware::baudrates)
 .text._ZN8Stm32Can4SendEmPmh
                0x08002b30       0x70 obj/stm32_can.o
                0x08002b30                Stm32Can::Send(unsigned long, unsigned long*, unsigned char)
 .text._ZN8Stm32Can12GetInterfaceEi
                0x08002ba0       0x14 obj/stm32_can.o
                0x08002ba0                Stm32Can::GetInterface(int)
 .text._ZN8Stm32Can13HandleMessageEi
                0x08002bb4       0x52 obj/stm32_can.o
                0x08002bb4                Stm32Can::HandleMessage(int)
 .text._ZN8Stm32Can8HandleTxEv
                0x08002c06       0x68 obj/stm32_can.o
                0x08002c06                Stm32Can::HandleTx()
 .text._ZN8Stm32Can13SetFilterBankERiS0_Pt
                0x08002c6e       0x48 obj/stm32_can.o
                0x08002c6e                Stm32Can::SetFilterBank(int&, int&, unsigned short*)
 .text._ZN8Stm32Can17SetFilterBankMaskERiS0_Pt
                0x08002cb6       0x4c obj/stm32_can.o
                0x08002cb6                Stm32Can::SetFilterBankMask(int&, int&, unsigned short*)
 .text._ZN8Stm32Can15SetFilterBank29ERiS0_Pm
                0x08002d02       0x36 obj/stm32_can.o
                0x08002d02                Stm32Can::SetFilterBank29(int&, int&, unsigned long*)
 .text._ZN8Stm32Can16ConfigureFiltersEv
                0x08002d38      0x110 obj/stm32_can.o
                0x08002d38                Stm32Can::ConfigureFilters()
 .text._ZN8Stm32CanC2EmN11CanHardware9baudratesEb
                0x08002e48      0x150 obj/stm32_can.o
                0x08002e48                Stm32Can::Stm32Can(unsigned long, CanHardware::baudrates, bool)
                0x08002e48                Stm32Can::Stm32Can(unsigned long, CanHardware::baudrates, bool)
 .text.usb_lp_can_rx0_isr
                0x08002f98       0x10 obj/stm32_can.o
                0x08002f98                usb_lp_can_rx0_isr
 .text.can_rx1_isr
                0x08002fa8       0x10 obj/stm32_can.o
                0x08002fa8                can_rx1_isr
 .text.usb_hp_can_tx_isr
                0x08002fb8        0xc obj/stm32_can.o
                0x08002fb8                usb_hp_can_tx_isr
 .text.can2_rx0_isr
                0x08002fc4       0x10 obj/stm32_can.o
                0x08002fc4                can2_rx0_isr
 .text.can2_rx1_isr
                0x08002fd4       0x10 obj/stm32_can.o
                0x08002fd4                can2_rx1_isr
 .text.can2_tx_isr
                0x08002fe4        0xc obj/stm32_can.o
                0x08002fe4                can2_tx_isr
 .text._ZN12NullCallback8HandleRxEmPmh
                0x08002ff0        0x2 obj/canhardware.o
                0x08002ff0                NullCallback::HandleRx(unsigned long, unsigned long*, unsigned char)
 .text._ZN12NullCallback11HandleClearEv
                0x08002ff2        0x2 obj/canhardware.o
                0x08002ff2                NullCallback::HandleClear()
 .text._ZN11CanHardwareC2Ev
                0x08002ff4       0x28 obj/canhardware.o
                0x08002ff4                CanHardware::CanHardware()
                0x08002ff4                CanHardware::CanHardware()
 .text._ZN11CanHardware11AddCallbackEP11CanCallback
                0x0800301c       0x1e obj/canhardware.o
                0x0800301c                CanHardware::AddCallback(CanCallback*)
 .text._ZN11CanHardware19RegisterUserMessageEmm
                0x0800303a       0x3a obj/canhardware.o
                0x0800303a                CanHardware::RegisterUserMessage(unsigned long, unsigned long)
 .text._ZN11CanHardware17ClearUserMessagesEv
                0x08003074       0x2c obj/canhardware.o
                0x08003074                CanHardware::ClearUserMessages()
 .text._ZN11CanHardware8HandleRxEmPmh
                0x080030a0       0x34 obj/canhardware.o
                0x080030a0                CanHardware::HandleRx(unsigned long, unsigned long*, unsigned char)
 .text._ZN6CanMap11HandleClearEv
                0x080030d4       0x38 obj/canmap.o
                0x080030d4                CanMap::HandleClear()
 .text._ZN6CanMap6RemoveEbhh
                0x0800310c       0x84 obj/canmap.o
                0x0800310c                CanMap::Remove(bool, unsigned char, unsigned char)
 .text._ZN6CanMap6RemoveEN5Param9PARAM_NUME
                0x08003190       0x6a obj/canmap.o
                0x08003190                CanMap::Remove(Param::PARAM_NUM)
 .text._ZN6CanMap7FindMapEN5Param9PARAM_NUMERmRhRaRfS4_Rb
                0x080031fa       0x8c obj/canmap.o
                0x080031fa                CanMap::FindMap(Param::PARAM_NUM, unsigned long&, unsigned char&, signed char&, float&, signed char&, bool&)
 .text._ZN6CanMap6GetMapEbhhRm
                0x08003286       0x4c obj/canmap.o
                0x08003286                CanMap::GetMap(bool, unsigned char, unsigned char, unsigned long&)
 .text._ZN6CanMap13IterateCanMapEPFvN5Param9PARAM_NUMEmhafabE
                0x080032d2       0x8c obj/canmap.o
                0x080032d2                CanMap::IterateCanMap(void (*)(Param::PARAM_NUM, unsigned long, unsigned char, signed char, float, signed char, bool))
 .text._ZN6CanMap8ClearMapEPNS_8CANIDMAPE
                0x0800335e       0x20 obj/canmap.o
                0x0800335e                CanMap::ClearMap(CanMap::CANIDMAP*)
 .text._ZN6CanMap5ClearEv
                0x0800337e       0x20 obj/canmap.o
                0x0800337e                CanMap::Clear()
 .text._ZN6CanMap11SaveToFlashEmPmi
                0x0800339e       0x30 obj/canmap.o
                0x0800339e                CanMap::SaveToFlash(unsigned long, unsigned long*, int)
 .text._ZN6CanMap8FindByIdEPNS_8CANIDMAPEm
                0x080033ce       0x1e obj/canmap.o
                0x080033ce                CanMap::FindById(CanMap::CANIDMAP*, unsigned long)
 .text._ZN6CanMap8HandleRxEmPmh
                0x080033ec      0x110 obj/canmap.o
                0x080033ec                CanMap::HandleRx(unsigned long, unsigned long*, unsigned char)
 .text._ZN6CanMap3AddEPNS_8CANIDMAPEN5Param9PARAM_NUMEmhafa
                0x080034fc       0xfc obj/canmap.o
                0x080034fc                CanMap::Add(CanMap::CANIDMAP*, Param::PARAM_NUM, unsigned long, unsigned char, signed char, float, signed char)
 .text._ZN6CanMap7AddSendEN5Param9PARAM_NUMEmhafa
                0x080035f8       0x32 obj/canmap.o
                0x080035f8                CanMap::AddSend(Param::PARAM_NUM, unsigned long, unsigned char, signed char, float, signed char)
 .text._ZN6CanMap7AddRecvEN5Param9PARAM_NUMEmhafa
                0x0800362a       0x4e obj/canmap.o
                0x0800362a                CanMap::AddRecv(Param::PARAM_NUM, unsigned long, unsigned char, signed char, float, signed char)
 .text._ZZN6CanMap19LegacyLoadFromFlashEvENKUlPZNS_19LegacyLoadFromFlashEvE15LEGACY_CANIDMAPPNS_8CANIDMAPEbE_clES1_S3_b
                0x08003678       0xa4 obj/canmap.o
 .text._ZN6CanMap15GetFlashAddressEv
                0x0800371c       0x12 obj/canmap.o
                0x0800371c                CanMap::GetFlashAddress()
 .text._ZN6CanMap19LegacyLoadFromFlashEv
                0x0800372e       0x48 obj/canmap.o
                0x0800372e                CanMap::LegacyLoadFromFlash()
 .text._ZN6CanMap21ReplaceParamEnumByUidEPNS_8CANIDMAPE
                0x08003776       0x3c obj/canmap.o
                0x08003776                CanMap::ReplaceParamEnumByUid(CanMap::CANIDMAP*)
 .text._ZN6CanMap21ReplaceParamUidByEnumEPNS_8CANIDMAPE
                0x080037b2       0x3a obj/canmap.o
                0x080037b2                CanMap::ReplaceParamUidByEnum(CanMap::CANIDMAP*)
 .text._ZN6CanMap4SaveEv
                0x080037ec       0xb8 obj/canmap.o
                0x080037ec                CanMap::Save()
 .text._ZN6CanMap13LoadFromFlashEv
                0x080038a4       0x68 obj/canmap.o
                0x080038a4                CanMap::LoadFromFlash()
 .text._ZN6CanMapC2EP11CanHardwareb
                0x0800390c       0x40 obj/canmap.o
                0x0800390c                CanMap::CanMap(CanHardware*, bool)
                0x0800390c                CanMap::CanMap(CanHardware*, bool)
 .text._ZN6CanSdo11HandleClearEv
                0x0800394c       0x2a obj/cansdo.o
                0x0800394c                CanSdo::HandleClear()
 .text._ZN6CanSdo7PutCharEc
                0x08003976       0x2e obj/cansdo.o
                0x08003976                CanSdo::PutChar(char)
 .text._ZThn4_N6CanSdo7PutCharEc
                0x080039a4        0x8 obj/cansdo.o
                0x080039a4                non-virtual thunk to CanSdo::PutChar(char)
 .text._ZN11CanHardware4SendEmPm
                0x080039ac        0xe obj/cansdo.o
                0x080039ac                CanHardware::Send(unsigned long, unsigned long*)
 *fill*         0x080039ba        0x2 
 .text._ZN6CanSdoC2EP11CanHardwareP6CanMap
                0x080039bc       0x54 obj/cansdo.o
                0x080039bc                CanSdo::CanSdo(CanHardware*, CanMap*)
                0x080039bc                CanSdo::CanSdo(CanHardware*, CanMap*)
 .text._ZN6CanSdo9SetNodeIdEh
                0x08003a10        0x8 obj/cansdo.o
                0x08003a10                CanSdo::SetNodeId(unsigned char)
 .text._ZN6CanSdo19InitiateSDOTransferEhhthm
                0x08003a18       0x3e obj/cansdo.o
                0x08003a18                CanSdo::InitiateSDOTransfer(unsigned char, unsigned char, unsigned short, unsigned char, unsigned long)
 .text._ZN6CanSdo12SendSdoReplyEPNS_8SdoFrameE
                0x08003a56       0x1a obj/cansdo.o
                0x08003a56                CanSdo::SendSdoReply(CanSdo::SdoFrame*)
 .text._ZN6CanSdo24ProcessSpecialSDOObjectsEPNS_8SdoFrameE
                0x08003a70       0x5e obj/cansdo.o
                0x08003a70                CanSdo::ProcessSpecialSDOObjects(CanSdo::SdoFrame*)
 *fill*         0x08003ace        0x2 
 .text._ZN6CanSdo18ReadOrDeleteCanMapEPNS_8SdoFrameE
                0x08003ad0       0xc0 obj/cansdo.o
                0x08003ad0                CanSdo::ReadOrDeleteCanMap(CanSdo::SdoFrame*)
 .text._ZN6CanSdo9AddCanMapEPNS_8SdoFrameEb
                0x08003b90       0xe4 obj/cansdo.o
                0x08003b90                CanSdo::AddCanMap(CanSdo::SdoFrame*, bool)
 .text._ZN6CanSdo10ProcessSDOEPm
                0x08003c74      0x12e obj/cansdo.o
                0x08003c74                CanSdo::ProcessSDO(unsigned long*)
 *fill*         0x08003da2        0x2 
 .text._ZN6CanSdo8HandleRxEmPmh
                0x08003da4       0x9c obj/cansdo.o
                0x08003da4                CanSdo::HandleRx(unsigned long, unsigned long*, unsigned char)
 .text._ZN11SdoCommands23ProcessStandardCommandsEPN6CanSdo8SdoFrameE
                0x08003e40       0xcc obj/sdocommands.o
                0x08003e40                SdoCommands::ProcessStandardCommands(CanSdo::SdoFrame*)
 .text._ZN16TerminalCommands11PrintCanMapEN5Param9PARAM_NUMEmhafab
                0x08003f0c       0x74 obj/terminalcommands.o
                0x08003f0c                TerminalCommands::PrintCanMap(Param::PARAM_NUM, unsigned long, unsigned char, signed char, float, signed char, bool)
 .text._ZN16TerminalCommands8ParamSetEP8TerminalPc
                0x08003f80       0x68 obj/terminalcommands.o
                0x08003f80                TerminalCommands::ParamSet(Terminal*, char*)
 .text._ZN16TerminalCommands8ParamGetEP8TerminalPc
                0x08003fe8       0x50 obj/terminalcommands.o
                0x08003fe8                TerminalCommands::ParamGet(Terminal*, char*)
 .text._ZN16TerminalCommands9ParamFlagEP8TerminalPc
                0x08004038       0x90 obj/terminalcommands.o
                0x08004038                TerminalCommands::ParamFlag(Terminal*, char*)
 .text._ZN16TerminalCommands15PrintParamsJsonEP8IPutCharPc
                0x080040c8      0x154 obj/terminalcommands.o
                0x080040c8                TerminalCommands::PrintParamsJson(IPutChar*, char*)
 .text._ZN16TerminalCommands6MapCanEP8TerminalPc
                0x0800421c      0x1b8 obj/terminalcommands.o
                0x0800421c                TerminalCommands::MapCan(Terminal*, char*)
 .text._ZN16TerminalCommands14SaveParametersEP8TerminalPc
                0x080043d4       0x50 obj/terminalcommands.o
                0x080043d4                TerminalCommands::SaveParameters(Terminal*, char*)
 .text._ZN16TerminalCommands14LoadParametersEP8TerminalPc
                0x08004424       0x2c obj/terminalcommands.o
                0x08004424                TerminalCommands::LoadParameters(Terminal*, char*)
 .text._ZN16TerminalCommands5ResetEP8TerminalPc
                0x08004450        0x6 obj/terminalcommands.o
                0x08004450                TerminalCommands::Reset(Terminal*, char*)
 .text._ZN16TerminalCommands19ParamNamesToIndexesEPcPN5Param9PARAM_NUMEm
                0x08004456       0x4a obj/terminalcommands.o
                0x08004456                TerminalCommands::ParamNamesToIndexes(char*, Param::PARAM_NUM*, unsigned long)
 .text._ZN16TerminalCommands11ParamStreamEP8TerminalPc
                0x080044a0       0xa8 obj/terminalcommands.o
                0x080044a0                TerminalCommands::ParamStream(Terminal*, char*)
 .text._ZL12ProcessTempst
                0x08004548       0x44 obj/PCSCan.o
 .text._ZN6PCSCan9handle204EPm
                0x0800458c       0x8c obj/PCSCan.o
                0x0800458c                PCSCan::handle204(unsigned long*)
 .text._ZN6PCSCan9handle2B4EPm
                0x08004618       0x90 obj/PCSCan.o
                0x08004618                PCSCan::handle2B4(unsigned long*)
 .text._ZN6PCSCan9handle264EPm
                0x080046a8       0xcc obj/PCSCan.o
                0x080046a8                PCSCan::handle264(unsigned long*)
 *fill*         0x08004774        0x4 
 .text._ZN6PCSCan9handle2A4EPm
                0x08004778      0x100 obj/PCSCan.o
                0x08004778                PCSCan::handle2A4(unsigned long*)
 .text._ZN6PCSCan9handle2C4EPm
                0x08004878      0x10c obj/PCSCan.o
                0x08004878                PCSCan::handle2C4(unsigned long*)
 .text._ZN6PCSCan9handle3A4EPm
                0x08004984       0x10 obj/PCSCan.o
                0x08004984                PCSCan::handle3A4(unsigned long*)
 .text._ZN6PCSCan9handle424EPm
                0x08004994       0x84 obj/PCSCan.o
                0x08004994                PCSCan::handle424(unsigned long*)
 .text._ZN6PCSCan9handle504EPm
                0x08004a18       0x10 obj/PCSCan.o
                0x08004a18                PCSCan::handle504(unsigned long*)
 .text._ZN6PCSCan9handle76CEPm
                0x08004a28       0xa0 obj/PCSCan.o
                0x08004a28                PCSCan::handle76C(unsigned long*)
 .text._ZN6PCSCan6Msg13DEv
                0x08004ac8       0x54 obj/PCSCan.o
                0x08004ac8                PCSCan::Msg13D()
 .text._ZN6PCSCan6Msg20AEv
                0x08004b1c       0x2c obj/PCSCan.o
                0x08004b1c                PCSCan::Msg20A()
 .text._ZN6PCSCan6Msg212Ev
                0x08004b48       0x2c obj/PCSCan.o
                0x08004b48                PCSCan::Msg212()
 .text._ZN6PCSCan6Msg21DEv
                0x08004b74       0x50 obj/PCSCan.o
                0x08004b74                PCSCan::Msg21D()
 .text._ZN6PCSCan6Msg22AEv
                0x08004bc4       0x68 obj/PCSCan.o
                0x08004bc4                PCSCan::Msg22A()
 .text._ZN6PCSCan6Msg232Ev
                0x08004c2c       0x28 obj/PCSCan.o
                0x08004c2c                PCSCan::Msg232()
 .text._ZN6PCSCan6Msg23DEv
                0x08004c54       0x4c obj/PCSCan.o
                0x08004c54                PCSCan::Msg23D()
 .text._ZN6PCSCan6Msg25DEv
                0x08004ca0       0x44 obj/PCSCan.o
                0x08004ca0                PCSCan::Msg25D()
 .text._ZN6PCSCan6Msg2B2Et
                0x08004ce4       0x68 obj/PCSCan.o
                0x08004ce4                PCSCan::Msg2B2(unsigned short)
 .text._ZN6PCSCan6Msg321Ev
                0x08004d4c       0x28 obj/PCSCan.o
                0x08004d4c                PCSCan::Msg321()
 .text._ZN6PCSCan6Msg333Ev
                0x08004d74       0x24 obj/PCSCan.o
                0x08004d74                PCSCan::Msg333()
 .text._ZN6PCSCan6Msg3A1Ev
                0x08004d98       0x54 obj/PCSCan.o
                0x08004d98                PCSCan::Msg3A1()
 .text._ZN6PCSCan6Msg3B2Ev
                0x08004dec       0x60 obj/PCSCan.o
                0x08004dec                PCSCan::Msg3B2()
 .text._ZN6PCSCan6Msg545Ev
                0x08004e4c       0xb4 obj/PCSCan.o
                0x08004e4c                PCSCan::Msg545()
 .text._ZN6PCSCan12AlertHandlerEv
                0x08004f00       0x40 obj/PCSCan.o
                0x08004f00                PCSCan::AlertHandler()
 .text.adc_power_on
                0x08004f40       0x10 libopencm3/lib\libopencm3_stm32f1.a(adc.o)
                0x08004f40                adc_power_on
 .text.adc_enable_temperature_sensor
                0x08004f50       0x10 libopencm3/lib\libopencm3_stm32f1.a(adc.o)
                0x08004f50                adc_enable_temperature_sensor
 .text.adc_enable_external_trigger_regular
                0x08004f60       0x14 libopencm3/lib\libopencm3_stm32f1.a(adc.o)
                0x08004f60                adc_enable_external_trigger_regular
 .text.adc_reset_calibration
                0x08004f74       0x14 libopencm3/lib\libopencm3_stm32f1.a(adc.o)
                0x08004f74                adc_reset_calibration
 .text.adc_calibrate_async
                0x08004f88        0xa libopencm3/lib\libopencm3_stm32f1.a(adc.o)
                0x08004f88                adc_calibrate_async
 .text.adc_is_calibrating
                0x08004f92        0x8 libopencm3/lib\libopencm3_stm32f1.a(adc.o)
                0x08004f92                adc_is_calibrating
 .text.adc_calibrate
                0x08004f9a       0x14 libopencm3/lib\libopencm3_stm32f1.a(adc.o)
                0x08004f9a                adc_calibrate
 .text.adc_set_sample_time_on_all_channels
                0x08004fae       0x2a libopencm3/lib\libopencm3_stm32f1.a(adc.o)
                0x08004fae                adc_set_sample_time_on_all_channels
 .text.adc_power_off
                0x08004fd8        0xa libopencm3/lib\libopencm3_stm32f1.a(adc_common_v1.o)
                0x08004fd8                adc_power_off
 .text.adc_enable_scan_mode
                0x08004fe2        0xa libopencm3/lib\libopencm3_stm32f1.a(adc_common_v1.o)
                0x08004fe2                adc_enable_scan_mode
 .text.adc_set_right_aligned
                0x08004fec        0xa libopencm3/lib\libopencm3_stm32f1.a(adc_common_v1.o)
                0x08004fec                adc_set_right_aligned
 .text.adc_set_continuous_conversion_mode
                0x08004ff6        0xa libopencm3/lib\libopencm3_stm32f1.a(adc_common_v1.o)
                0x08004ff6                adc_set_continuous_conversion_mode
 .text.adc_set_regular_sequence
                0x08005000       0x72 libopencm3/lib\libopencm3_stm32f1.a(adc_common_v1.o)
                0x08005000                adc_set_regular_sequence
 .text.adc_start_conversion_regular
                0x08005072       0x14 libopencm3/lib\libopencm3_stm32f1.a(adc_common_v1.o)
                0x08005072                adc_start_conversion_regular
 .text.adc_enable_dma
                0x08005086        0xa libopencm3/lib\libopencm3_stm32f1.a(adc_common_v1.o)
                0x08005086                adc_enable_dma
 .text.can_reset
                0x08005090       0x18 libopencm3/lib\libopencm3_stm32f1.a(can.o)
                0x08005090                can_reset
 .text.can_init
                0x080050a8      0x12a libopencm3/lib\libopencm3_stm32f1.a(can.o)
                0x080050a8                can_init
 *fill*         0x080051d2        0x2 
 .text.can_filter_init
                0x080051d4       0x90 libopencm3/lib\libopencm3_stm32f1.a(can.o)
                0x080051d4                can_filter_init
 .text.can_filter_id_mask_16bit_init
                0x08005264       0x20 libopencm3/lib\libopencm3_stm32f1.a(can.o)
                0x08005264                can_filter_id_mask_16bit_init
 .text.can_filter_id_list_16bit_init
                0x08005284       0x20 libopencm3/lib\libopencm3_stm32f1.a(can.o)
                0x08005284                can_filter_id_list_16bit_init
 .text.can_filter_id_list_32bit_init
                0x080052a4       0x1a libopencm3/lib\libopencm3_stm32f1.a(can.o)
                0x080052a4                can_filter_id_list_32bit_init
 .text.can_enable_irq
                0x080052be        0x8 libopencm3/lib\libopencm3_stm32f1.a(can.o)
                0x080052be                can_enable_irq
 .text.can_disable_irq
                0x080052c6        0xa libopencm3/lib\libopencm3_stm32f1.a(can.o)
                0x080052c6                can_disable_irq
 .text.can_transmit
                0x080052d0       0xca libopencm3/lib\libopencm3_stm32f1.a(can.o)
                0x080052d0                can_transmit
 .text.can_fifo_release
                0x0800539a       0x16 libopencm3/lib\libopencm3_stm32f1.a(can.o)
                0x0800539a                can_fifo_release
 .text.can_fifo_pending
                0x080053b0        0xe libopencm3/lib\libopencm3_stm32f1.a(can.o)
                0x080053b0                can_fifo_pending
 .text.can_receive
                0x080053be       0xae libopencm3/lib\libopencm3_stm32f1.a(can.o)
                0x080053be                can_receive
 .text.crc_reset
                0x0800546c       0x10 libopencm3/lib\libopencm3_stm32f1.a(crc_common_all.o)
                0x0800546c                crc_reset
 .text.crc_calculate
                0x0800547c        0xc libopencm3/lib\libopencm3_stm32f1.a(crc_common_all.o)
                0x0800547c                crc_calculate
 .text.crc_calculate_block
                0x08005488       0x1c libopencm3/lib\libopencm3_stm32f1.a(crc_common_all.o)
                0x08005488                crc_calculate_block
 .text.desig_get_flash_size
                0x080054a4        0xc libopencm3/lib\libopencm3_stm32f1.a(desig_common_v1.o)
                0x080054a4                desig_get_flash_size
 .text.dma_channel_reset
                0x080054b0       0x22 libopencm3/lib\libopencm3_stm32f1.a(dma_common_l1f013.o)
                0x080054b0                dma_channel_reset
 .text.dma_clear_interrupt_flags
                0x080054d2        0xc libopencm3/lib\libopencm3_stm32f1.a(dma_common_l1f013.o)
                0x080054d2                dma_clear_interrupt_flags
 .text.dma_get_interrupt_flag
                0x080054de       0x14 libopencm3/lib\libopencm3_stm32f1.a(dma_common_l1f013.o)
                0x080054de                dma_get_interrupt_flag
 .text.dma_set_memory_size
                0x080054f2       0x1a libopencm3/lib\libopencm3_stm32f1.a(dma_common_l1f013.o)
                0x080054f2                dma_set_memory_size
 .text.dma_set_peripheral_size
                0x0800550c       0x1a libopencm3/lib\libopencm3_stm32f1.a(dma_common_l1f013.o)
                0x0800550c                dma_set_peripheral_size
 .text.dma_enable_memory_increment_mode
                0x08005526       0x12 libopencm3/lib\libopencm3_stm32f1.a(dma_common_l1f013.o)
                0x08005526                dma_enable_memory_increment_mode
 .text.dma_enable_circular_mode
                0x08005538       0x1a libopencm3/lib\libopencm3_stm32f1.a(dma_common_l1f013.o)
                0x08005538                dma_enable_circular_mode
 .text.dma_set_read_from_memory
                0x08005552       0x12 libopencm3/lib\libopencm3_stm32f1.a(dma_common_l1f013.o)
                0x08005552                dma_set_read_from_memory
 .text.dma_enable_channel
                0x08005564       0x12 libopencm3/lib\libopencm3_stm32f1.a(dma_common_l1f013.o)
                0x08005564                dma_enable_channel
 .text.dma_disable_channel
                0x08005576       0x12 libopencm3/lib\libopencm3_stm32f1.a(dma_common_l1f013.o)
                0x08005576                dma_disable_channel
 .text.dma_set_peripheral_address
                0x08005588       0x12 libopencm3/lib\libopencm3_stm32f1.a(dma_common_l1f013.o)
                0x08005588                dma_set_peripheral_address
 .text.dma_set_memory_address
                0x0800559a       0x12 libopencm3/lib\libopencm3_stm32f1.a(dma_common_l1f013.o)
                0x0800559a                dma_set_memory_address
 .text.dma_get_number_of_data
                0x080055ac        0xe libopencm3/lib\libopencm3_stm32f1.a(dma_common_l1f013.o)
                0x080055ac                dma_get_number_of_data
 .text.dma_set_number_of_data
                0x080055ba        0xc libopencm3/lib\libopencm3_stm32f1.a(dma_common_l1f013.o)
                0x080055ba                dma_set_number_of_data
 *fill*         0x080055c6        0x2 
 .text.flash_get_status_flags
                0x080055c8       0x24 libopencm3/lib\libopencm3_stm32f1.a(flash.o)
                0x080055c8                flash_get_status_flags
 .text.flash_program_half_word
                0x080055ec       0x5c libopencm3/lib\libopencm3_stm32f1.a(flash.o)
                0x080055ec                flash_program_half_word
 .text.flash_erase_page
                0x08005648       0x74 libopencm3/lib\libopencm3_stm32f1.a(flash.o)
                0x08005648                flash_erase_page
 .text.flash_set_ws
                0x080056bc       0x14 libopencm3/lib\libopencm3_stm32f1.a(flash_common_all.o)
                0x080056bc                flash_set_ws
 .text.flash_unlock
                0x080056d0       0x18 libopencm3/lib\libopencm3_stm32f1.a(flash_common_f.o)
                0x080056d0                flash_unlock
 .text.flash_lock
                0x080056e8       0x10 libopencm3/lib\libopencm3_stm32f1.a(flash_common_f.o)
                0x080056e8                flash_lock
 .text.flash_wait_for_last_operation
                0x080056f8        0xc libopencm3/lib\libopencm3_stm32f1.a(flash_common_f01.o)
                0x080056f8                flash_wait_for_last_operation
 .text.flash_program_word
                0x08005704       0x18 libopencm3/lib\libopencm3_stm32f1.a(flash_common_f01.o)
                0x08005704                flash_program_word
 .text.gpio_set_mode
                0x0800571c       0x5e libopencm3/lib\libopencm3_stm32f1.a(gpio.o)
                0x0800571c                gpio_set_mode
 *fill*         0x0800577a        0x2 
 .text.gpio_primary_remap
                0x0800577c       0x14 libopencm3/lib\libopencm3_stm32f1.a(gpio.o)
                0x0800577c                gpio_primary_remap
 .text.gpio_set
                0x08005790        0x4 libopencm3/lib\libopencm3_stm32f1.a(gpio_common_all.o)
                0x08005790                gpio_set
 .text.gpio_clear
                0x08005794        0x6 libopencm3/lib\libopencm3_stm32f1.a(gpio_common_all.o)
                0x08005794                gpio_clear
 .text.gpio_toggle
                0x0800579a       0x12 libopencm3/lib\libopencm3_stm32f1.a(gpio_common_all.o)
                0x0800579a                gpio_toggle
 .text.iwdg_reset
                0x080057ac       0x10 libopencm3/lib\libopencm3_stm32f1.a(iwdg_common_all.o)
                0x080057ac                iwdg_reset
 .text.rcc_osc_on.part.0
                0x080057bc       0x10 libopencm3/lib\libopencm3_stm32f1.a(rcc.o)
 .text.rcc_is_osc_ready
                0x080057cc       0x5c libopencm3/lib\libopencm3_stm32f1.a(rcc.o)
                0x080057cc                rcc_is_osc_ready
 .text.rcc_wait_for_osc_ready
                0x08005828       0x10 libopencm3/lib\libopencm3_stm32f1.a(rcc.o)
                0x08005828                rcc_wait_for_osc_ready
 .text.rcc_osc_on
                0x08005838       0x54 libopencm3/lib\libopencm3_stm32f1.a(rcc.o)
                0x08005838                rcc_osc_on
 .text.rcc_set_sysclk_source
                0x0800588c       0x14 libopencm3/lib\libopencm3_stm32f1.a(rcc.o)
                0x0800588c                rcc_set_sysclk_source
 .text.rcc_set_pll_multiplication_factor
                0x080058a0       0x14 libopencm3/lib\libopencm3_stm32f1.a(rcc.o)
                0x080058a0                rcc_set_pll_multiplication_factor
 .text.rcc_set_pll_source
                0x080058b4       0x14 libopencm3/lib\libopencm3_stm32f1.a(rcc.o)
                0x080058b4                rcc_set_pll_source
 .text.rcc_set_pllxtpre
                0x080058c8       0x14 libopencm3/lib\libopencm3_stm32f1.a(rcc.o)
                0x080058c8                rcc_set_pllxtpre
 .text.rcc_rtc_clock_enabled_flag
                0x080058dc       0x10 libopencm3/lib\libopencm3_stm32f1.a(rcc.o)
                0x080058dc                rcc_rtc_clock_enabled_flag
 .text.rcc_enable_rtc_clock
                0x080058ec       0x10 libopencm3/lib\libopencm3_stm32f1.a(rcc.o)
                0x080058ec                rcc_enable_rtc_clock
 .text.rcc_set_rtc_clock_source
                0x080058fc       0x90 libopencm3/lib\libopencm3_stm32f1.a(rcc.o)
                0x080058fc                rcc_set_rtc_clock_source
 .text.rcc_set_adcpre
                0x0800598c       0x14 libopencm3/lib\libopencm3_stm32f1.a(rcc.o)
                0x0800598c                rcc_set_adcpre
 .text.rcc_set_ppre2
                0x080059a0       0x14 libopencm3/lib\libopencm3_stm32f1.a(rcc.o)
                0x080059a0                rcc_set_ppre2
 .text.rcc_set_ppre1
                0x080059b4       0x14 libopencm3/lib\libopencm3_stm32f1.a(rcc.o)
                0x080059b4                rcc_set_ppre1
 .text.rcc_set_hpre
                0x080059c8       0x14 libopencm3/lib\libopencm3_stm32f1.a(rcc.o)
                0x080059c8                rcc_set_hpre
 .text.rcc_clock_setup_in_hse_8mhz_out_72mhz
                0x080059dc       0x8c libopencm3/lib\libopencm3_stm32f1.a(rcc.o)
                0x080059dc                rcc_clock_setup_in_hse_8mhz_out_72mhz
 .text.rcc_periph_clock_enable
                0x08005a68       0x1c libopencm3/lib\libopencm3_stm32f1.a(rcc_common_all.o)
                0x08005a68                rcc_periph_clock_enable
 .text.rcc_periph_reset_pulse
                0x08005a84       0x24 libopencm3/lib\libopencm3_stm32f1.a(rcc_common_all.o)
                0x08005a84                rcc_periph_reset_pulse
 .text.rtc_enter_config_mode
                0x08005aa8       0x18 libopencm3/lib\libopencm3_stm32f1.a(rtc.o)
                0x08005aa8                rtc_enter_config_mode
 .text.rtc_exit_config_mode
                0x08005ac0       0x18 libopencm3/lib\libopencm3_stm32f1.a(rtc.o)
                0x08005ac0                rtc_exit_config_mode
 .text.rtc_awake_from_off
                0x08005ad8       0x68 libopencm3/lib\libopencm3_stm32f1.a(rtc.o)
                0x08005ad8                rtc_awake_from_off
 .text.rtc_set_prescale_val
                0x08005b40       0x20 libopencm3/lib\libopencm3_stm32f1.a(rtc.o)
                0x08005b40                rtc_set_prescale_val
 .text.rtc_get_counter_val
                0x08005b60       0x14 libopencm3/lib\libopencm3_stm32f1.a(rtc.o)
                0x08005b60                rtc_get_counter_val
 .text.rtc_set_counter_val
                0x08005b74       0x1c libopencm3/lib\libopencm3_stm32f1.a(rtc.o)
                0x08005b74                rtc_set_counter_val
 .text.rtc_awake_from_standby
                0x08005b90       0x34 libopencm3/lib\libopencm3_stm32f1.a(rtc.o)
                0x08005b90                rtc_awake_from_standby
 .text.rtc_auto_awake
                0x08005bc4       0x34 libopencm3/lib\libopencm3_stm32f1.a(rtc.o)
                0x08005bc4                rtc_auto_awake
 .text.timer_enable_irq
                0x08005bf8        0x8 libopencm3/lib\libopencm3_stm32f1.a(timer_common_all.o)
                0x08005bf8                timer_enable_irq
 .text.timer_get_flag
                0x08005c00        0xc libopencm3/lib\libopencm3_stm32f1.a(timer_common_all.o)
                0x08005c00                timer_get_flag
 .text.timer_clear_flag
                0x08005c0c        0x6 libopencm3/lib\libopencm3_stm32f1.a(timer_common_all.o)
                0x08005c0c                timer_clear_flag
 .text.timer_enable_preload
                0x08005c12        0xa libopencm3/lib\libopencm3_stm32f1.a(timer_common_all.o)
                0x08005c12                timer_enable_preload
 .text.timer_direction_up
                0x08005c1c        0xa libopencm3/lib\libopencm3_stm32f1.a(timer_common_all.o)
                0x08005c1c                timer_direction_up
 .text.timer_enable_counter
                0x08005c26        0xa libopencm3/lib\libopencm3_stm32f1.a(timer_common_all.o)
                0x08005c26                timer_enable_counter
 .text.timer_disable_counter
                0x08005c30        0xa libopencm3/lib\libopencm3_stm32f1.a(timer_common_all.o)
                0x08005c30                timer_disable_counter
 .text.timer_set_prescaler
                0x08005c3a        0x4 libopencm3/lib\libopencm3_stm32f1.a(timer_common_all.o)
                0x08005c3a                timer_set_prescaler
 .text.timer_set_period
                0x08005c3e        0x4 libopencm3/lib\libopencm3_stm32f1.a(timer_common_all.o)
                0x08005c3e                timer_set_period
 .text.timer_set_oc_mode
                0x08005c42      0x18c libopencm3/lib\libopencm3_stm32f1.a(timer_common_all.o)
                0x08005c42                timer_set_oc_mode
 .text.timer_set_oc_polarity_high
                0x08005dce       0x4a libopencm3/lib\libopencm3_stm32f1.a(timer_common_all.o)
                0x08005dce                timer_set_oc_polarity_high
 .text.timer_set_oc_polarity_low
                0x08005e18       0x4a libopencm3/lib\libopencm3_stm32f1.a(timer_common_all.o)
                0x08005e18                timer_set_oc_polarity_low
 .text.timer_set_oc_value
                0x08005e62       0x20 libopencm3/lib\libopencm3_stm32f1.a(timer_common_all.o)
                0x08005e62                timer_set_oc_value
 .text.timer_generate_event
                0x08005e82        0x8 libopencm3/lib\libopencm3_stm32f1.a(timer_common_all.o)
                0x08005e82                timer_generate_event
 .text.timer_get_counter
                0x08005e8a        0x4 libopencm3/lib\libopencm3_stm32f1.a(timer_common_all.o)
                0x08005e8a                timer_get_counter
 .text.timer_set_counter
                0x08005e8e        0x4 libopencm3/lib\libopencm3_stm32f1.a(timer_common_all.o)
                0x08005e8e                timer_set_counter
 .text.timer_ic_set_filter
                0x08005e92       0x50 libopencm3/lib\libopencm3_stm32f1.a(timer_common_all.o)
                0x08005e92                timer_ic_set_filter
 .text.timer_ic_set_input
                0x08005ee2       0x62 libopencm3/lib\libopencm3_stm32f1.a(timer_common_all.o)
                0x08005ee2                timer_ic_set_input
 .text.timer_ic_enable
                0x08005f44        0xe libopencm3/lib\libopencm3_stm32f1.a(timer_common_all.o)
                0x08005f44                timer_ic_enable
 .text.timer_slave_set_polarity
                0x08005f52       0x12 libopencm3/lib\libopencm3_stm32f1.a(timer_common_all.o)
                0x08005f52                timer_slave_set_polarity
 .text.timer_slave_set_mode
                0x08005f64       0x10 libopencm3/lib\libopencm3_stm32f1.a(timer_common_all.o)
                0x08005f64                timer_slave_set_mode
 .text.timer_slave_set_trigger
                0x08005f74       0x10 libopencm3/lib\libopencm3_stm32f1.a(timer_common_all.o)
                0x08005f74                timer_slave_set_trigger
 .text.usart_set_baudrate
                0x08005f84       0x28 libopencm3/lib\libopencm3_stm32f1.a(usart_common_all.o)
                0x08005f84                usart_set_baudrate
 .text.usart_set_databits
                0x08005fac       0x12 libopencm3/lib\libopencm3_stm32f1.a(usart_common_all.o)
                0x08005fac                usart_set_databits
 .text.usart_set_stopbits
                0x08005fbe        0xc libopencm3/lib\libopencm3_stm32f1.a(usart_common_all.o)
                0x08005fbe                usart_set_stopbits
 .text.usart_set_parity
                0x08005fca        0xc libopencm3/lib\libopencm3_stm32f1.a(usart_common_all.o)
                0x08005fca                usart_set_parity
 .text.usart_set_mode
                0x08005fd6        0xc libopencm3/lib\libopencm3_stm32f1.a(usart_common_all.o)
                0x08005fd6                usart_set_mode
 .text.usart_set_flow_control
                0x08005fe2        0xc libopencm3/lib\libopencm3_stm32f1.a(usart_common_all.o)
                0x08005fe2                usart_set_flow_control
 .text.usart_enable
                0x08005fee        0xa libopencm3/lib\libopencm3_stm32f1.a(usart_common_all.o)
                0x08005fee                usart_enable
 .text.usart_send_blocking
                0x08005ff8       0x16 libopencm3/lib\libopencm3_stm32f1.a(usart_common_all.o)
                0x08005ff8                usart_send_blocking
 .text.usart_enable_rx_dma
                0x0800600e        0xa libopencm3/lib\libopencm3_stm32f1.a(usart_common_all.o)
                0x0800600e                usart_enable_rx_dma
 .text.usart_enable_tx_dma
                0x08006018        0xa libopencm3/lib\libopencm3_stm32f1.a(usart_common_all.o)
                0x08006018                usart_enable_tx_dma
 .text.usart_send
                0x08006022        0x8 libopencm3/lib\libopencm3_stm32f1.a(usart_common_f124.o)
                0x08006022                usart_send
 .text.usart_recv
                0x0800602a        0x8 libopencm3/lib\libopencm3_stm32f1.a(usart_common_f124.o)
                0x0800602a                usart_recv
 .text.usart_wait_send_ready
                0x08006032        0x8 libopencm3/lib\libopencm3_stm32f1.a(usart_common_f124.o)
                0x08006032                usart_wait_send_ready
 .text.usart_get_flag
                0x0800603a        0xc libopencm3/lib\libopencm3_stm32f1.a(usart_common_f124.o)
                0x0800603a                usart_get_flag
 .text.blocking_handler
                0x08006046        0x2 libopencm3/lib\libopencm3_stm32f1.a(vector.o)
                0x08006046                usart3_isr
                0x08006046                rtc_isr
                0x08006046                tim7_isr
                0x08006046                adc1_2_isr
                0x08006046                tim1_trg_com_isr
                0x08006046                tim6_isr
                0x08006046                usb_wakeup_isr
                0x08006046                blocking_handler
                0x08006046                tim5_isr
                0x08006046                otg_fs_isr
                0x08006046                spi1_isr
                0x08006046                exti2_isr
                0x08006046                dma1_channel6_isr
                0x08006046                dma1_channel5_isr
                0x08006046                dma2_channel5_isr
                0x08006046                usart1_isr
                0x08006046                usage_fault_handler
                0x08006046                tim8_trg_com_isr
                0x08006046                tim1_brk_isr
                0x08006046                tim1_cc_isr
                0x08006046                sdio_isr
                0x08006046                eth_isr
                0x08006046                dma1_channel4_isr
                0x08006046                tim8_brk_isr
                0x08006046                dma2_channel4_5_isr
                0x08006046                pvd_isr
                0x08006046                rcc_isr
                0x08006046                flash_isr
                0x08006046                uart4_isr
                0x08006046                rtc_alarm_isr
                0x08006046                exti15_10_isr
                0x08006046                hard_fault_handler
                0x08006046                exti1_isr
                0x08006046                i2c1_ev_isr
                0x08006046                dma2_channel1_isr
                0x08006046                spi2_isr
                0x08006046                tim8_up_isr
                0x08006046                dma2_channel2_isr
                0x08006046                exti3_isr
                0x08006046                adc3_isr
                0x08006046                tim3_isr
                0x08006046                usart2_isr
                0x08006046                i2c2_er_isr
                0x08006046                i2c2_ev_isr
                0x08006046                uart5_isr
                0x08006046                fsmc_isr
                0x08006046                dma1_channel1_isr
                0x08006046                exti4_isr
                0x08006046                mem_manage_handler
                0x08006046                exti9_5_isr
                0x08006046                dma2_channel3_isr
                0x08006046                dma1_channel7_isr
                0x08006046                tim1_up_isr
                0x08006046                can2_sce_isr
                0x08006046                tim4_isr
                0x08006046                dma1_channel2_isr
                0x08006046                i2c1_er_isr
                0x08006046                can_sce_isr
                0x08006046                tim8_cc_isr
                0x08006046                tamper_isr
                0x08006046                eth_wkup_isr
                0x08006046                bus_fault_handler
                0x08006046                wwdg_isr
                0x08006046                dma1_channel3_isr
                0x08006046                spi3_isr
                0x08006046                exti0_isr
 .text.null_handler
                0x08006048        0x2 libopencm3/lib\libopencm3_stm32f1.a(vector.o)
                0x08006048                sv_call_handler
                0x08006048                pend_sv_handler
                0x08006048                debug_monitor_handler
                0x08006048                sys_tick_handler
                0x08006048                nmi_handler
                0x08006048                null_handler
 *fill*         0x0800604a        0x2 
 .text.reset_handler
                0x0800604c       0xc4 libopencm3/lib\libopencm3_stm32f1.a(vector.o)
                0x0800604c                reset_handler
 .text.scb_reset_system
                0x08006110       0x10 libopencm3/lib\libopencm3_stm32f1.a(scb.o)
                0x08006110                scb_reset_system
 .text.nvic_enable_irq
                0x08006120       0x1a libopencm3/lib\libopencm3_stm32f1.a(nvic.o)
                0x08006120                nvic_enable_irq
 *fill*         0x0800613a        0x2 
 .text.nvic_set_priority
                0x0800613c       0x20 libopencm3/lib\libopencm3_stm32f1.a(nvic.o)
                0x0800613c                nvic_set_priority
 .text.pwr_disable_backup_domain_write_protect
                0x0800615c       0x10 libopencm3/lib\libopencm3_stm32f1.a(pwr_common_v1.o)
                0x0800615c                pwr_disable_backup_domain_write_protect
 .text          0x0800616c      0x254 C:/Program Files (x86)/arm-gnu-toolchain/bin/../lib/gcc/arm-none-eabi/15.2.1/thumb/v7/nofp\libgcc.a(_arm_muldf3.o)
                0x0800616c                __muldf3
                0x0800616c                __aeabi_dmul
 .text          0x080063c0      0x378 C:/Program Files (x86)/arm-gnu-toolchain/bin/../lib/gcc/arm-none-eabi/15.2.1/thumb/v7/nofp\libgcc.a(_arm_addsubdf3.o)
                0x080063c0                __aeabi_drsub
                0x080063c8                __aeabi_dsub
                0x080063c8                __subdf3
                0x080063cc                __aeabi_dadd
                0x080063cc                __adddf3
                0x08006644                __floatunsidf
                0x08006644                __aeabi_ui2d
                0x08006664                __floatsidf
                0x08006664                __aeabi_i2d
                0x08006688                __aeabi_f2d
                0x08006688                __extendsfdf2
                0x080066cc                __floatundidf
                0x080066cc                __aeabi_ul2d
                0x080066dc                __floatdidf
                0x080066dc                __aeabi_l2d
 .text          0x08006738       0x50 C:/Program Files (x86)/arm-gnu-toolchain/bin/../lib/gcc/arm-none-eabi/15.2.1/thumb/v7/nofp\libgcc.a(_arm_fixdfsi.o)
                0x08006738                __aeabi_d2iz
                0x08006738                __fixdfsi
 .text          0x08006788       0x40 C:/Program Files (x86)/arm-gnu-toolchain/bin/../lib/gcc/arm-none-eabi/15.2.1/thumb/v7/nofp\libgcc.a(_arm_fixunsdfsi.o)
                0x08006788                __aeabi_d2uiz
                0x08006788                __fixunsdfsi
 .text          0x080067c8       0xa0 C:/Program Files (x86)/arm-gnu-toolchain/bin/../lib/gcc/arm-none-eabi/15.2.1/thumb/v7/nofp\libgcc.a(_arm_truncdfsf2.o)
                0x080067c8                __truncdfsf2
                0x080067c8                __aeabi_d2f
 .text          0x08006868      0x21c C:/Program Files (x86)/arm-gnu-toolchain/bin/../lib/gcc/arm-none-eabi/15.2.1/thumb/v7/nofp\libgcc.a(_arm_addsubsf3.o)
                0x08006868                __aeabi_frsub
                0x08006870                __subsf3
                0x08006870                __aeabi_fsub
                0x08006874                __aeabi_fadd
                0x08006874                __addsf3
                0x080069d4                __aeabi_ui2f
                0x080069d4                __floatunsisf
                0x080069dc                __aeabi_i2f
                0x080069dc                __floatsisf
                0x080069f8                __aeabi_ul2f
                0x080069f8                __floatundisf
                0x08006a08                __aeabi_l2f
                0x08006a08                __floatdisf
 .text          0x08006a84      0x2a0 C:/Program Files (x86)/arm-gnu-toolchain/bin/../lib/gcc/arm-none-eabi/15.2.1/thumb/v7/nofp\libgcc.a(_arm_muldivsf3.o)
                0x08006a84                __mulsf3
                0x08006a84                __aeabi_fmul
                0x08006bec                __aeabi_fdiv
                0x08006bec                __divsf3
 .text          0x08006d24       0x4c C:/Program Files (x86)/arm-gnu-toolchain/bin/../lib/gcc/arm-none-eabi/15.2.1/thumb/v7/nofp\libgcc.a(_arm_fixsfsi.o)
                0x08006d24                __aeabi_f2iz
                0x08006d24                __fixsfsi
 .text          0x08006d70       0x40 C:/Program Files (x86)/arm-gnu-toolchain/bin/../lib/gcc/arm-none-eabi/15.2.1/thumb/v7/nofp\libgcc.a(_arm_fixunssfsi.o)
                0x08006d70                __fixunssfsi
                0x08006d70                __aeabi_f2uiz
 .text.memset   0x08006db0       0x80 C:/Program Files (x86)/arm-gnu-toolchain/bin/../lib/gcc/arm-none-eabi/15.2.1/../../../../arm-none-eabi/lib/thumb/v7/nofp\libc.a(libc_a-memset.o)
                0x08006db0                memset
                0x08006e30                        . = ALIGN (0x4)
 *(.rodata*)
 .rodata._ZTV23FunctionPointerCallback
                0x08006e30       0x10 obj/main.o
                0x08006e30                vtable for FunctionPointerCallback
 .rodata._ZN14Stm32Scheduler5ocMapE
                0x08006e40        0x4 obj/stm32scheduler.o
                0x08006e40                Stm32Scheduler::ocMap
 .rodata.str1.1
                0x08006e44     0x1156 obj/params.o
                                0xc7b (size before relaxing)
 .rodata._ZN8Terminal10EnableUartEPc.str1.1
                0x08007f9a        0x0 obj/terminal.o
                                  0x5 (size before relaxing)
 .rodata._ZN8Terminal8FastUartEPc.str1.1
                0x08007f9a        0x0 obj/terminal.o
                                 0x18 (size before relaxing)
 .rodata._ZN8Terminal4EchoEPc.str1.1
                0x08007f9a        0x0 obj/terminal.o
                                 0x15 (size before relaxing)
 .rodata._ZN8Terminal3RunEv.str1.1
                0x08007f9a        0x0 obj/terminal.o
                                 0x4d (size before relaxing)
 *fill*         0x08007f9a        0x2 
 .rodata._ZTV8Terminal
                0x08007f9c        0xc obj/terminal.o
                0x08007f9c                vtable for Terminal
 .rodata._ZN8Terminal6hwInfoE
                0x08007fa8       0x70 obj/terminal.o
                0x08007fa8                Terminal::hwInfo
 .rodata._ZL11PrintSerialP8TerminalPc.str1.1
                0x08008018        0x0 obj/terminal_prj.o
                                 0x11 (size before relaxing)
 .rodata._ZL12LoadDefaultsP8TerminalPc.str1.1
                0x08008018        0x0 obj/terminal_prj.o
                                 0x12 (size before relaxing)
 .rodata.str1.1
                0x08008018        0x0 obj/terminal_prj.o
                                 0x49 (size before relaxing)
 .rodata.termCmds
                0x08008018       0x70 obj/terminal_prj.o
                0x08008018                termCmds
 .rodata._ZL5printP8IPutCharPKcSt9__va_list.str1.1
                0x08008088        0x0 obj/printf.o
                                  0x7 (size before relaxing)
 .rodata._ZTV13ExternPutChar
                0x08008088        0xc obj/printf.o
                0x08008088                vtable for ExternPutChar
 .rodata._ZN12ErrorMessage10PrintErrorEm17ERROR_MESSAGE_NUM.str1.1
                0x08008094        0x0 obj/errormessage.o
                                 0x10 (size before relaxing)
 .rodata._ZN12ErrorMessage14PrintAllErrorsEv.str1.1
                0x08008094        0x0 obj/errormessage.o
                                  0xc (size before relaxing)
 .rodata.str1.1
                0x08008094        0x0 obj/errormessage.o
                                 0x48 (size before relaxing)
 .rodata._ZL5types
                0x08008094        0xc obj/errormessage.o
 .rodata._ZL16errorDescriptors
                0x080080a0       0x18 obj/errormessage.o
 .rodata._ZTV8Stm32Can
                0x080080b8       0x14 obj/stm32_can.o
                0x080080b8                vtable for Stm32Can
 .rodata._ZL8canSpeed
                0x080080cc       0x3c obj/stm32_can.o
 .rodata        0x08008108        0x8 obj/stm32_can.o
 .rodata._ZTV11CanHardware
                0x08008110       0x14 obj/canhardware.o
                0x08008110                vtable for CanHardware
 .rodata._ZTV12NullCallback
                0x08008124       0x10 obj/canhardware.o
                0x08008124                vtable for NullCallback
 .rodata._ZTV6CanMap
                0x08008134       0x10 obj/canmap.o
                0x08008134                vtable for CanMap
 .rodata._ZTV6CanSdo
                0x08008144       0x20 obj/cansdo.o
                0x08008144                vtable for CanSdo
 .rodata._ZN16TerminalCommands11PrintCanMapEN5Param9PARAM_NUMEmhafab.str1.1
                0x08008164        0x0 obj/terminalcommands.o
                                 0x21 (size before relaxing)
 .rodata._ZN16TerminalCommands8ParamSetEP8TerminalPc.str1.1
                0x08008164        0x0 obj/terminalcommands.o
                                 0x50 (size before relaxing)
 .rodata._ZN16TerminalCommands8ParamGetEP8TerminalPc.str1.1
                0x08008164        0x0 obj/terminalcommands.o
                                 0x1f (size before relaxing)
 .rodata._ZN16TerminalCommands9ParamFlagEP8TerminalPc.str1.1
                0x08008164        0x0 obj/terminalcommands.o
                                 0x37 (size before relaxing)
 .rodata._ZN16TerminalCommands15PrintParamsJsonEP8IPutCharPc.str1.1
                0x08008164        0x0 obj/terminalcommands.o
                                0x128 (size before relaxing)
 .rodata._ZN16TerminalCommands6MapCanEP8TerminalPc.str1.1
                0x08008164        0x0 obj/terminalcommands.o
                                0x10b (size before relaxing)
 .rodata._ZN16TerminalCommands14SaveParametersEP8TerminalPc.str1.1
                0x08008164        0x0 obj/terminalcommands.o
                                 0x6f (size before relaxing)
 .rodata._ZN16TerminalCommands14LoadParametersEP8TerminalPc.str1.1
                0x08008164        0x0 obj/terminalcommands.o
                                 0x2a (size before relaxing)
 .rodata._ZN16TerminalCommands11ParamStreamEP8TerminalPc.str1.1
                0x08008164        0x0 obj/terminalcommands.o
                                 0x29 (size before relaxing)
                0x08008164                        . = ALIGN (0x4)

.glue_7         0x08008164        0x0
 .glue_7        0x08008164        0x0 linker stubs

.glue_7t        0x08008164        0x0
 .glue_7t       0x08008164        0x0 linker stubs

.vfp11_veneer   0x08008164        0x0
 .vfp11_veneer  0x08008164        0x0 linker stubs

.v4_bx          0x08008164        0x0
 .v4_bx         0x08008164        0x0 linker stubs

.iplt           0x08008164        0x0
 .iplt          0x08008164        0x0 obj/main.o

.rel.dyn        0x08008164        0x0
 .rel.iplt      0x08008164        0x0 obj/main.o

.preinit_array  0x08008164        0x0
                0x08008164                        . = ALIGN (0x4)
                0x08008164                        __preinit_array_start = .
 *(.preinit_array)
                0x08008164                        __preinit_array_end = .

.init_array     0x08008164        0xc
                0x08008164                        . = ALIGN (0x4)
                0x08008164                        __init_array_start = .
 *(SORT_BY_NAME(.init_array.*))
 *(.init_array)
 .init_array    0x08008164        0x4 obj/params.o
 .init_array    0x08008168        0x4 obj/sine_core.o
 .init_array    0x0800816c        0x4 obj/anain.o
                0x08008170                        __init_array_end = .

.fini_array     0x08008170        0x0
                0x08008170                        . = ALIGN (0x4)
                0x08008170                        __fini_array_start = .
 *(.fini_array)
 *(SORT_BY_NAME(.fini_array.*))
                0x08008170                        __fini_array_end = .

.ARM.extab
 *(.ARM.extab*)

.ARM.exidx      0x08008170        0x0
                0x08008170                        __exidx_start = .
 *(.ARM.exidx*)
                0x08008170                        __exidx_end = .
                0x08008170                        . = ALIGN (0x4)
                0x08008170                        _etext = .

.noinit
 *(.noinit*)
                0x08008170                        . = ALIGN (0x4)

.data           0x20000000      0x59c load address 0x08008170
                0x20000000                        _data = .
 *(.data*)
 .data._ZN5ParamL6valuesE
                0x20000000       0xac obj/params.o
 .data._ZN5ParamL7attribsE
                0x200000ac      0x4b4 obj/params.o
 .data.errorBuffer
                0x20000560       0x20 obj/errormessage.o
                0x20000560                errorBuffer
 .data.errorListString
                0x20000580        0x4 obj/errormessage.o
                0x20000580                errorListString
 .data._ZL12nullCallback
                0x20000584        0x4 obj/canhardware.o
 .data._ZN11SdoCommands11saveEnabledE
                0x20000588        0x1 obj/sdocommands.o
                0x20000588                SdoCommands::saveEnabled
 .data._ZN16TerminalCommands11saveEnabledE
                0x20000589        0x1 obj/terminalcommands.o
                0x20000589                TerminalCommands::saveEnabled
 .data.Backup2c4
                0x2000058a        0x1 obj/PCSCan.o
                0x2000058a                Backup2c4
 .data.mux545   0x2000058b        0x1 obj/PCSCan.o
                0x2000058b                mux545
 .data.mux3b2   0x2000058c        0x1 obj/PCSCan.o
                0x2000058c                mux3b2
 *fill*         0x2000058d        0x3 
 .data.rcc_ahb_frequency
                0x20000590        0x4 libopencm3/lib\libopencm3_stm32f1.a(rcc.o)
                0x20000590                rcc_ahb_frequency
 .data.rcc_apb1_frequency
                0x20000594        0x4 libopencm3/lib\libopencm3_stm32f1.a(rcc.o)
                0x20000594                rcc_apb1_frequency
 .data.rcc_apb2_frequency
                0x20000598        0x4 libopencm3/lib\libopencm3_stm32f1.a(rcc.o)
                0x20000598                rcc_apb2_frequency
 *(.ramtext*)
                0x2000059c                        . = ALIGN (0x4)
                0x2000059c                        _edata = .
                0x08008170                        _data_loadaddr = LOADADDR (.data)

.igot.plt       0x2000059c        0x0 load address 0x0800870c
 .igot.plt      0x2000059c        0x0 obj/main.o

.bss            0x2000059c      0x294 load address 0x0800870c
 *(.bss*)
 .bss._ZZL7Ms1TaskvE10tick_count
                0x2000059c        0x1 obj/main.o
 .bss._ZL9ZeroPower
                0x2000059d        0x1 obj/main.o
 .bss._ZL8ChgPower
                0x2000059e        0x2 obj/main.o
 .bss._ZL10CAN_Enable
                0x200005a0        0x1 obj/main.o
 *fill*         0x200005a1        0x3 
 .bss._ZL8terminal
                0x200005a4        0x4 obj/main.o
 .bss._ZL6canSdo
                0x200005a8        0x4 obj/main.o
 .bss._ZL6canMap
                0x200005ac        0x4 obj/main.o
 .bss._ZL3can   0x200005b0        0x4 obj/main.o
 .bss._ZL9scheduler
                0x200005b4        0x4 obj/main.o
 .bss._ZL6rxRead
                0x200005b8        0x4 obj/main.o
 .bss._ZL7rxWrite
                0x200005bc        0x4 obj/main.o
 .bss._ZL7rxQueue
                0x200005c0      0x140 obj/main.o
 .bss._ZN5ParamL5flagsE
                0x20000700       0x2b obj/params.o
 *fill*         0x2000072b        0x1 
 .bss._ZN8Terminal15defaultTerminalE
                0x2000072c        0x4 obj/terminal.o
                0x2000072c                Terminal::defaultTerminal
 .bss._ZN5DigIo9chena_outE
                0x20000730        0x8 obj/digio.o
                0x20000730                DigIo::chena_out
 .bss._ZN5DigIo11dcdcena_outE
                0x20000738        0x8 obj/digio.o
                0x20000738                DigIo::dcdcena_out
 .bss._ZN5DigIo10pcsena_outE
                0x20000740        0x8 obj/digio.o
                0x20000740                DigIo::pcsena_out
 .bss._ZN5DigIo11evseact_outE
                0x20000748        0x8 obj/digio.o
                0x20000748                DigIo::evseact_out
 .bss._ZN5DigIo10acpres_outE
                0x20000750        0x8 obj/digio.o
                0x20000750                DigIo::acpres_out
 .bss._ZN5DigIo9hvena_outE
                0x20000758        0x8 obj/digio.o
                0x20000758                DigIo::hvena_out
 .bss._ZN5DigIo7led_outE
                0x20000760        0x8 obj/digio.o
                0x20000760                DigIo::led_out
 .bss._ZN5DigIo5d2_inE
                0x20000768        0x8 obj/digio.o
                0x20000768                DigIo::d2_in
 .bss._ZN5DigIo9enable_inE
                0x20000770        0x8 obj/digio.o
                0x20000770                DigIo::enable_in
 .bss._ZN8SineCore11ZERO_OFFSETE
                0x20000778        0x2 obj/sine_core.o
                0x20000778                SineCore::ZERO_OFFSET
 *fill*         0x2000077a        0x2 
 .bss._ZN5AnaIn4uauxE
                0x2000077c        0x4 obj/anain.o
                0x2000077c                AnaIn::uaux
 .bss._ZN5AnaIn8cablelimE
                0x20000780        0x4 obj/anain.o
                0x20000780                AnaIn::cablelim
 .bss._ZN5AnaIn6valuesE
                0x20000784       0x30 obj/anain.o
                0x20000784                AnaIn::values
 .bss._ZN5AnaIn13channel_arrayE
                0x200007b4        0x2 obj/anain.o
                0x200007b4                AnaIn::channel_array
 *fill*         0x200007b6        0x2 
 .bss._ZN12ErrorMessage8timeTickE
                0x200007b8        0x4 obj/errormessage.o
                0x200007b8                ErrorMessage::timeTick
 .bss._ZN8Stm32Can10interfacesE
                0x200007bc        0x8 obj/stm32_can.o
                0x200007bc                Stm32Can::interfaces
 .bss._ZN6CanMap8isSavingE
                0x200007c4        0x1 obj/canmap.o
                0x200007c4                CanMap::isSaving
 *fill*         0x200007c5        0x3 
 .bss._ZN11SdoCommands6canMapE
                0x200007c8        0x4 obj/sdocommands.o
                0x200007c8                SdoCommands::canMap
 .bss._ZN16TerminalCommands6canMapE
                0x200007cc        0x4 obj/terminalcommands.o
                0x200007cc                TerminalCommands::canMap
 .bss._ZL7curTerm
                0x200007d0        0x4 obj/terminalcommands.o
 .bss._ZL16pcs_alert_matrix
                0x200007d4        0xa obj/PCSCan.o
 .bss.AlertRxError
                0x200007de        0x1 obj/PCSCan.o
                0x200007de                AlertRxError
 *fill*         0x200007df        0x1 
 .bss.AlertCANId
                0x200007e0        0x2 obj/PCSCan.o
                0x200007e0                AlertCANId
 .bss.PCS_AlertCnt
                0x200007e2        0x1 obj/PCSCan.o
                0x200007e2                PCS_AlertCnt
 .bss.PCSAlertId
                0x200007e3        0x1 obj/PCSCan.o
                0x200007e3                PCSAlertId
 .bss.PCSAlertPage
                0x200007e4        0x1 obj/PCSCan.o
                0x200007e4                PCSAlertPage
 .bss.Count545  0x200007e5        0x1 obj/PCSCan.o
                0x200007e5                Count545
 .bss.PCSBootId
                0x200007e6        0x1 obj/PCSCan.o
                0x200007e6                PCSBootId
 .bss.mux76C    0x200007e7        0x1 obj/PCSCan.o
                0x200007e7                mux76C
 .bss.mux2C4    0x200007e8        0x1 obj/PCSCan.o
                0x200007e8                mux2C4
 .bss.PCS_CHG_STAT
                0x200007e9        0x1 obj/PCSCan.o
                0x200007e9                PCS_CHG_STAT
 .bss.PCS_HW    0x200007ea        0x1 obj/PCSCan.o
                0x200007ea                PCS_HW
 .bss.PCSGrid   0x200007eb        0x1 obj/PCSCan.o
                0x200007eb                PCSGrid
 .bss.DCDCBTemp
                0x200007ec        0x2 obj/PCSCan.o
                0x200007ec                DCDCBTemp
 .bss.DCDCTemp  0x200007ee        0x2 obj/PCSCan.o
                0x200007ee                DCDCTemp
 .bss.CTemp     0x200007f0        0x2 obj/PCSCan.o
                0x200007f0                CTemp
 .bss.BTemp     0x200007f2        0x2 obj/PCSCan.o
                0x200007f2                BTemp
 .bss.ATemp     0x200007f4        0x2 obj/PCSCan.o
                0x200007f4                ATemp
 .bss.AmbTemp   0x200007f6        0x2 obj/PCSCan.o
                0x200007f6                AmbTemp
 .bss.ACILim    0x200007f8        0x1 obj/PCSCan.o
                0x200007f8                ACILim
 *fill*         0x200007f9        0x3 
 .bss.IOut_Total
                0x200007fc        0x4 obj/PCSCan.o
                0x200007fc                IOut_Total
 .bss.IOut_PhC  0x20000800        0x4 obj/PCSCan.o
                0x20000800                IOut_PhC
 .bss.IOut_PhB  0x20000804        0x4 obj/PCSCan.o
                0x20000804                IOut_PhB
 .bss.IOut_PhA  0x20000808        0x4 obj/PCSCan.o
                0x20000808                IOut_PhA
 .bss.LVVolts   0x2000080c        0x4 obj/PCSCan.o
                0x2000080c                LVVolts
 .bss.HVVolts   0x20000810        0x2 obj/PCSCan.o
                0x20000810                HVVolts
 .bss.ACAmps    0x20000812        0x2 obj/PCSCan.o
                0x20000812                ACAmps
 .bss.ACVolts   0x20000814        0x2 obj/PCSCan.o
                0x20000814                ACVolts
 *fill*         0x20000816        0x2 
 .bss.DCDCPwr   0x20000818        0x4 obj/PCSCan.o
                0x20000818                DCDCPwr
 .bss.ChgPavail
                0x2000081c        0x4 obj/PCSCan.o
                0x2000081c                ChgPavail
 .bss.ACPwr     0x20000820        0x4 obj/PCSCan.o
                0x20000820                ACPwr
 .bss.ACLim     0x20000824        0x2 obj/PCSCan.o
                0x20000824                ACLim
 .bss.DCDCAmps  0x20000826        0x2 obj/PCSCan.o
                0x20000826                DCDCAmps
 .bss.DCDCSpnt  0x20000828        0x2 obj/PCSCan.o
                0x20000828                DCDCSpnt
 .bss.PCS_Power_Req
                0x2000082a        0x2 obj/PCSCan.o
                0x2000082a                PCS_Power_Req
 .bss.GotDCI    0x2000082c        0x1 obj/PCSCan.o
                0x2000082c                GotDCI
 .bss.Short2B2  0x2000082d        0x1 obj/PCSCan.o
                0x2000082d                Short2B2
 *(COMMON)
                0x20000830                        . = ALIGN (0x4)
 *fill*         0x2000082e        0x2 
                0x20000830                        _ebss = .

/DISCARD/
 *(.eh_frame)
                0x20000830                        . = ALIGN (0x4)
                0x20000830                        end = .
                0x20005000                        PROVIDE (_stack = (ORIGIN (ram) + LENGTH (ram)))
OUTPUT(stm32_pcs elf32-littlearm)
LOAD linker stubs

.comment        0x00000000       0x9e
 .comment       0x00000000       0x9e obj/main.o
                                 0x46 (size before relaxing)
 .comment       0x0000009e        0x0 obj/hwinit.o
                                 0x46 (size before relaxing)
 .comment       0x0000009e        0x0 obj/stm32scheduler.o
                                 0x46 (size before relaxing)
 .comment       0x0000009e        0x0 obj/params.o
                                 0x46 (size before relaxing)
 .comment       0x0000009e        0x0 obj/terminal.o
                                 0x46 (size before relaxing)
 .comment       0x0000009e        0x0 obj/terminal_prj.o
                                 0x46 (size before relaxing)
 .comment       0x0000009e        0x0 obj/my_string.o
                                 0x46 (size before relaxing)
 .comment       0x0000009e        0x0 obj/digio.o
                                 0x46 (size before relaxing)
 .comment       0x0000009e        0x0 obj/sine_core.o
                                 0x46 (size before relaxing)
 .comment       0x0000009e        0x0 obj/my_fp.o
                                 0x46 (size before relaxing)
 .comment       0x0000009e        0x0 obj/printf.o
                                 0x46 (size before relaxing)
 .comment       0x0000009e        0x0 obj/anain.o
                                 0x46 (size before relaxing)
 .comment       0x0000009e        0x0 obj/param_save.o
                                 0x46 (size before relaxing)
 .comment       0x0000009e        0x0 obj/errormessage.o
                                 0x46 (size before relaxing)
 .comment       0x0000009e        0x0 obj/stm32_can.o
                                 0x46 (size before relaxing)
 .comment       0x0000009e        0x0 obj/canhardware.o
                                 0x46 (size before relaxing)
 .comment       0x0000009e        0x0 obj/canmap.o
                                 0x46 (size before relaxing)
 .comment       0x0000009e        0x0 obj/cansdo.o
                                 0x46 (size before relaxing)
 .comment       0x0000009e        0x0 obj/sdocommands.o
                                 0x46 (size before relaxing)
 .comment       0x0000009e        0x0 obj/terminalcommands.o
                                 0x46 (size before relaxing)
 .comment       0x0000009e        0x0 obj/PCSCan.o
                                 0x46 (size before relaxing)
 .comment       0x0000009e        0x0 libopencm3/lib\libopencm3_stm32f1.a(adc.o)
                                 0x5a (size before relaxing)
 .comment       0x0000009e        0x0 libopencm3/lib\libopencm3_stm32f1.a(adc_common_v1.o)
                                 0x5a (size before relaxing)
 .comment       0x0000009e        0x0 libopencm3/lib\libopencm3_stm32f1.a(can.o)
                                 0x5a (size before relaxing)
 .comment       0x0000009e        0x0 libopencm3/lib\libopencm3_stm32f1.a(crc_common_all.o)
                                 0x5a (size before relaxing)
 .comment       0x0000009e        0x0 libopencm3/lib\libopencm3_stm32f1.a(desig_common_v1.o)
                                 0x5a (size before relaxing)
 .comment       0x0000009e        0x0 libopencm3/lib\libopencm3_stm32f1.a(dma_common_l1f013.o)
                                 0x5a (size before relaxing)
 .comment       0x0000009e        0x0 libopencm3/lib\libopencm3_stm32f1.a(flash.o)
                                 0x5a (size before relaxing)
 .comment       0x0000009e        0x0 libopencm3/lib\libopencm3_stm32f1.a(flash_common_all.o)
                                 0x5a (size before relaxing)
 .comment       0x0000009e        0x0 libopencm3/lib\libopencm3_stm32f1.a(flash_common_f.o)
                                 0x5a (size before relaxing)
 .comment       0x0000009e        0x0 libopencm3/lib\libopencm3_stm32f1.a(flash_common_f01.o)
                                 0x5a (size before relaxing)
 .comment       0x0000009e        0x0 libopencm3/lib\libopencm3_stm32f1.a(gpio.o)
                                 0x5a (size before relaxing)
 .comment       0x0000009e        0x0 libopencm3/lib\libopencm3_stm32f1.a(gpio_common_all.o)
                                 0x5a (size before relaxing)
 .comment       0x0000009e        0x0 libopencm3/lib\libopencm3_stm32f1.a(iwdg_common_all.o)
                                 0x5a (size before relaxing)
 .comment       0x0000009e        0x0 libopencm3/lib\libopencm3_stm32f1.a(rcc.o)
                                 0x5a (size before relaxing)
 .comment       0x0000009e        0x0 libopencm3/lib\libopencm3_stm32f1.a(rcc_common_all.o)
                                 0x5a (size before relaxing)
 .comment       0x0000009e        0x0 libopencm3/lib\libopencm3_stm32f1.a(rtc.o)
                                 0x5a (size before relaxing)
 .comment       0x0000009e        0x0 libopencm3/lib\libopencm3_stm32f1.a(timer_common_all.o)
                                 0x5a (size before relaxing)
 .comment       0x0000009e        0x0 libopencm3/lib\libopencm3_stm32f1.a(usart_common_all.o)
                                 0x5a (size before relaxing)
 .comment       0x0000009e        0x0 libopencm3/lib\libopencm3_stm32f1.a(usart_common_f124.o)
                                 0x5a (size before relaxing)
 .comment       0x0000009e        0x0 libopencm3/lib\libopencm3_stm32f1.a(vector.o)
                                 0x5a (size before relaxing)
 .comment       0x0000009e        0x0 libopencm3/lib\libopencm3_stm32f1.a(scb.o)
                                 0x5a (size before relaxing)
 .comment       0x0000009e        0x0 libopencm3/lib\libopencm3_stm32f1.a(nvic.o)
                                 0x5a (size before relaxing)
 .comment       0x0000009e        0x0 libopencm3/lib\libopencm3_stm32f1.a(pwr_common_v1.o)
                                 0x5a (size before relaxing)

.ARM.attributes
                0x00000000       0x2d
 .ARM.attributes
                0x00000000       0x2d obj/main.o
 .ARM.attributes
                0x0000002d       0x2d obj/hwinit.o
 .ARM.attributes
                0x0000005a       0x2d obj/stm32scheduler.o
 .ARM.attributes
                0x00000087       0x2d obj/params.o
 .ARM.attributes
                0x000000b4       0x2d obj/terminal.o
 .ARM.attributes
                0x000000e1       0x2d obj/terminal_prj.o
 .ARM.attributes
                0x0000010e       0x2d obj/my_string.o
 .ARM.attributes
                0x0000013b       0x2d obj/digio.o
 .ARM.attributes
                0x00000168       0x2d obj/sine_core.o
 .ARM.attributes
                0x00000195       0x2d obj/my_fp.o
 .ARM.attributes
                0x000001c2       0x2d obj/printf.o
 .ARM.attributes
                0x000001ef       0x2d obj/anain.o
 .ARM.attributes
                0x0000021c       0x2d obj/param_save.o
 .ARM.attributes
                0x00000249       0x2d obj/errormessage.o
 .ARM.attributes
                0x00000276       0x2d obj/stm32_can.o
 .ARM.attributes
                0x000002a3       0x2d obj/canhardware.o
 .ARM.attributes
                0x000002d0       0x2d obj/canmap.o
 .ARM.attributes
                0x000002fd       0x2d obj/cansdo.o
 .ARM.attributes
                0x0000032a       0x2d obj/sdocommands.o
 .ARM.attributes
                0x00000357       0x2d obj/terminalcommands.o
 .ARM.attributes
                0x00000384       0x2d obj/PCSCan.o
 .ARM.attributes
                0x000003b1       0x2d libopencm3/lib\libopencm3_stm32f1.a(adc.o)
 .ARM.attributes
                0x000003de       0x2d libopencm3/lib\libopencm3_stm32f1.a(adc_common_v1.o)
 .ARM.attributes
                0x0000040b       0x2d libopencm3/lib\libopencm3_stm32f1.a(can.o)
 .ARM.attributes
                0x00000438       0x2d libopencm3/lib\libopencm3_stm32f1.a(crc_common_all.o)
 .ARM.attributes
                0x00000465       0x2d libopencm3/lib\libopencm3_stm32f1.a(desig_common_v1.o)
 .ARM.attributes
                0x00000492       0x2d libopencm3/lib\libopencm3_stm32f1.a(dma_common_l1f013.o)
 .ARM.attributes
                0x000004bf       0x2d libopencm3/lib\libopencm3_stm32f1.a(flash.o)
 .ARM.attributes
                0x000004ec       0x2d libopencm3/lib\libopencm3_stm32f1.a(flash_common_all.o)
 .ARM.attributes
                0x00000519       0x2d libopencm3/lib\libopencm3_stm32f1.a(flash_common_f.o)
 .ARM.attributes
                0x00000546       0x2d libopencm3/lib\libopencm3_stm32f1.a(flash_common_f01.o)
 .ARM.attributes
                0x00000573       0x2d libopencm3/lib\libopencm3_stm32f1.a(gpio.o)
 .ARM.attributes
                0x000005a0       0x2d libopencm3/lib\libopencm3_stm32f1.a(gpio_common_all.o)
 .ARM.attributes
                0x000005cd       0x2d libopencm3/lib\libopencm3_stm32f1.a(iwdg_common_all.o)
 .ARM.attributes
                0x000005fa       0x2d libopencm3/lib\libopencm3_stm32f1.a(rcc.o)
 .ARM.attributes
                0x00000627       0x2d libopencm3/lib\libopencm3_stm32f1.a(rcc_common_all.o)
 .ARM.attributes
                0x00000654       0x2d libopencm3/lib\libopencm3_stm32f1.a(rtc.o)
 .ARM.attributes
                0x00000681       0x2d libopencm3/lib\libopencm3_stm32f1.a(timer_common_all.o)
 .ARM.attributes
                0x000006ae       0x2d libopencm3/lib\libopencm3_stm32f1.a(usart_common_all.o)
 .ARM.attributes
                0x000006db       0x2d libopencm3/lib\libopencm3_stm32f1.a(usart_common_f124.o)
 .ARM.attributes
                0x00000708       0x2d libopencm3/lib\libopencm3_stm32f1.a(vector.o)
 .ARM.attributes
                0x00000735       0x2d libopencm3/lib\libopencm3_stm32f1.a(scb.o)
 .ARM.attributes
                0x00000762       0x2d libopencm3/lib\libopencm3_stm32f1.a(nvic.o)
 .ARM.attributes
                0x0000078f       0x2d libopencm3/lib\libopencm3_stm32f1.a(pwr_common_v1.o)
 .ARM.attributes
                0x000007bc       0x19 C:/Program Files (x86)/arm-gnu-toolchain/bin/../lib/gcc/arm-none-eabi/15.2.1/thumb/v7/nofp\libgcc.a(_arm_muldf3.o)
 .ARM.attributes
                0x000007d5       0x19 C:/Program Files (x86)/arm-gnu-toolchain/bin/../lib/gcc/arm-none-eabi/15.2.1/thumb/v7/nofp\libgcc.a(_arm_addsubdf3.o)
 .ARM.attributes
                0x000007ee       0x19 C:/Program Files (x86)/arm-gnu-toolchain/bin/../lib/gcc/arm-none-eabi/15.2.1/thumb/v7/nofp\libgcc.a(_arm_fixdfsi.o)
 .ARM.attributes
                0x00000807       0x19 C:/Program Files (x86)/arm-gnu-toolchain/bin/../lib/gcc/arm-none-eabi/15.2.1/thumb/v7/nofp\libgcc.a(_arm_fixunsdfsi.o)
 .ARM.attributes
                0x00000820       0x19 C:/Program Files (x86)/arm-gnu-toolchain/bin/../lib/gcc/arm-none-eabi/15.2.1/thumb/v7/nofp\libgcc.a(_arm_truncdfsf2.o)
 .ARM.attributes
                0x00000839       0x19 C:/Program Files (x86)/arm-gnu-toolchain/bin/../lib/gcc/arm-none-eabi/15.2.1/thumb/v7/nofp\libgcc.a(_arm_addsubsf3.o)
 .ARM.attributes
                0x00000852       0x19 C:/Program Files (x86)/arm-gnu-toolchain/bin/../lib/gcc/arm-none-eabi/15.2.1/thumb/v7/nofp\libgcc.a(_arm_muldivsf3.o)
 .ARM.attributes
                0x0000086b       0x19 C:/Program Files (x86)/arm-gnu-toolchain/bin/../lib/gcc/arm-none-eabi/15.2.1/thumb/v7/nofp\libgcc.a(_arm_fixsfsi.o)
 .ARM.attributes
                0x00000884       0x19 C:/Program Files (x86)/arm-gnu-toolchain/bin/../lib/gcc/arm-none-eabi/15.2.1/thumb/v7/nofp\libgcc.a(_arm_fixunssfsi.o)
 .ARM.attributes
                0x0000089d       0x29 C:/Program Files (x86)/arm-gnu-toolchain/bin/../lib/gcc/arm-none-eabi/15.2.1/../../../../arm-none-eabi/lib/thumb/v7/nofp\libc.a(libc_a-memset.o)

.debug_info     0x00000000     0x8322
 .debug_info    0x00000000      0x3b1 libopencm3/lib\libopencm3_stm32f1.a(adc.o)
 .debug_info    0x000003b1      0x8dd libopencm3/lib\libopencm3_stm32f1.a(adc_common_v1.o)
 .debug_info    0x00000c8e      0xcdc libopencm3/lib\libopencm3_stm32f1.a(can.o)
 .debug_info    0x0000196a      0x112 libopencm3/lib\libopencm3_stm32f1.a(crc_common_all.o)
 .debug_info    0x00001a7c       0xcf libopencm3/lib\libopencm3_stm32f1.a(desig_common_v1.o)
 .debug_info    0x00001b4b      0x7be libopencm3/lib\libopencm3_stm32f1.a(dma_common_l1f013.o)
 .debug_info    0x00002309      0x37d libopencm3/lib\libopencm3_stm32f1.a(flash.o)
 .debug_info    0x00002686       0xea libopencm3/lib\libopencm3_stm32f1.a(flash_common_all.o)
 .debug_info    0x00002770       0xb2 libopencm3/lib\libopencm3_stm32f1.a(flash_common_f.o)
 .debug_info    0x00002822      0x1f1 libopencm3/lib\libopencm3_stm32f1.a(flash_common_f01.o)
 .debug_info    0x00002a13      0x1e6 libopencm3/lib\libopencm3_stm32f1.a(gpio.o)
 .debug_info    0x00002bf9      0x24e libopencm3/lib\libopencm3_stm32f1.a(gpio_common_all.o)
 .debug_info    0x00002e47      0x164 libopencm3/lib\libopencm3_stm32f1.a(iwdg_common_all.o)
 .debug_info    0x00002fab     0x1733 libopencm3/lib\libopencm3_stm32f1.a(rcc.o)
 .debug_info    0x000046de      0x778 libopencm3/lib\libopencm3_stm32f1.a(rcc_common_all.o)
 .debug_info    0x00004e56      0x874 libopencm3/lib\libopencm3_stm32f1.a(rtc.o)
 .debug_info    0x000056ca     0x1274 libopencm3/lib\libopencm3_stm32f1.a(timer_common_all.o)
 .debug_info    0x0000693e      0x6e3 libopencm3/lib\libopencm3_stm32f1.a(usart_common_all.o)
 .debug_info    0x00007021      0x2f1 libopencm3/lib\libopencm3_stm32f1.a(usart_common_f124.o)
 .debug_info    0x00007312      0x2d1 libopencm3/lib\libopencm3_stm32f1.a(vector.o)
 .debug_info    0x000075e3      0x962 libopencm3/lib\libopencm3_stm32f1.a(scb.o)
 .debug_info    0x00007f45      0x22d libopencm3/lib\libopencm3_stm32f1.a(nvic.o)
 .debug_info    0x00008172      0x1b0 libopencm3/lib\libopencm3_stm32f1.a(pwr_common_v1.o)
